
> refugee-portfolio@0.1.0 dev
> next dev

   ▲ Next.js 15.5.3
   - Local:        http://localhost:3000
   - Network:      http://172.20.10.3:3000

 ✓ Starting...
 ✓ Ready in 1594ms
 ○ Compiling / ...
 ✓ Compiled / in 1202ms (675 modules)
 GET / 200 in 1535ms
 ✓ Compiled /contact in 434ms (680 modules)
 GET /contact 200 in 656ms
 ✓ Compiled in 312ms (656 modules)
 GET /contact 200 in 150ms
 ✓ Compiled in 157ms (656 modules)
 GET /contact 200 in 75ms
 GET /contact 200 in 150ms
 ✓ Compiled in 180ms (656 modules)
 GET /contact 200 in 56ms
 ✓ Compiled in 297ms (656 modules)
 GET /contact 200 in 112ms
 GET /contact 200 in 152ms
 ✓ Compiled in 141ms (656 modules)
 GET /contact 200 in 48ms
 ✓ Compiled in 292ms (656 modules)
 GET /contact 200 in 153ms
 GET /contact 200 in 108ms
 ✓ Compiled in 160ms (656 modules)
 GET /contact 200 in 76ms
 ✓ Compiled /portfolio in 361ms (668 modules)
 GET /portfolio 200 in 502ms
 ✓ Compiled /portfolio/[slug] in 211ms (677 modules)
 GET /portfolio/research-report-employment-challenges 200 in 705ms
 GET /portfolio 200 in 32ms
 GET /portfolio/handbook-visual-guide 200 in 23ms
 ✓ Compiled in 223ms (691 modules)
 GET /portfolio/handbook-visual-guide 200 in 124ms
 GET /contact 200 in 140ms
 GET /contact 200 in 46ms
 ✓ Compiled in 237ms (691 modules)
 GET /portfolio/handbook-visual-guide 200 in 60ms
 GET /contact 200 in 23ms
 GET /portfolio 200 in 37ms
 GET /portfolio/living-between-borders-interview 200 in 34ms
 ✓ Compiled in 226ms (270 modules)
 GET /portfolio/living-between-borders-interview 200 in 96ms
 ✓ Compiled in 691ms (691 modules)
 GET /portfolio/living-between-borders-interview 200 in 164ms
 GET /portfolio/living-between-borders-interview 200 in 196ms
 GET /portfolio/living-between-borders-interview 200 in 62ms
 ✓ Compiled in 397ms (691 modules)
 GET /portfolio/living-between-borders-interview 200 in 139ms
 ✓ Compiled in 368ms (691 modules)
 GET /portfolio/living-between-borders-interview 200 in 164ms
 ✓ Compiled in 278ms (691 modules)
 GET /portfolio/living-between-borders-interview 200 in 128ms
 GET /portfolio/living-between-borders-interview 200 in 180ms
 ✓ Compiled in 385ms (691 modules)
 GET /portfolio/living-between-borders-interview 200 in 152ms
 ✓ Compiled / in 416ms (427 modules)
 GET / 200 in 544ms
 GET /portfolio/living-between-borders-interview 200 in 36ms
 GET /contact 200 in 43ms
 ✓ Compiled in 591ms (697 modules)
 GET /contact 200 in 56ms
 GET /contact 200 in 152ms
 ✓ Compiled in 299ms (697 modules)
 GET /contact 200 in 118ms
 GET /portfolio 200 in 60ms
 GET / 200 in 28ms
 ✓ Compiled in 466ms (697 modules)
 GET / 200 in 125ms
 GET /contact 200 in 134ms
 GET /contact 200 in 123ms
 ✓ Compiled in 173ms (697 modules)
 GET / 200 in 46ms
 GET /contact 200 in 51ms
 GET / 200 in 22ms
 GET /contact 200 in 36ms
 ✓ Compiled /background in 478ms (685 modules)
 GET /background 200 in 604ms
 GET /contact 200 in 24ms
 GET /background 200 in 20ms
 GET /contact 200 in 26ms
 ✓ Compiled in 467ms (699 modules)
 GET /contact 200 in 60ms
 ✓ Compiled in 288ms (699 modules)
 GET /contact 200 in 188ms
 ✓ Compiled in 683ms (704 modules)
 GET /contact 200 in 62ms
 ✓ Compiled in 412ms (704 modules)
 GET /contact 200 in 73ms
 ✓ Compiled in 335ms (704 modules)
 GET /contact 200 in 67ms
 ✓ Compiled in 229ms (704 modules)
 GET /contact 200 in 69ms
 GET /contact 200 in 145ms
 ✓ Compiled in 275ms (704 modules)
 GET /contact 200 in 67ms
 ✓ Compiled in 285ms (704 modules)
 GET /contact 200 in 92ms
 ✓ Compiled in 399ms (704 modules)
 GET /contact 200 in 56ms
 GET /contact 200 in 127ms
 ✓ Compiled in 198ms (704 modules)
 GET /contact 200 in 54ms
 ✓ Compiled in 498ms (704 modules)
 GET /contact 200 in 129ms
 GET /contact 200 in 86ms
 ✓ Compiled in 206ms (704 modules)
 GET /contact 200 in 43ms
 ✓ Compiled in 499ms (704 modules)
 GET /contact 200 in 137ms
 GET /contact 200 in 66ms
 ✓ Compiled in 208ms (704 modules)
 GET /contact 200 in 47ms
 ✓ Compiled in 452ms (704 modules)
 GET /contact 200 in 56ms
 GET /contact 200 in 169ms
 ✓ Compiled in 303ms (704 modules)
 GET /contact 200 in 55ms
 ✓ Compiled in 476ms (704 modules)
 GET /contact 200 in 142ms
 ✓ Compiled in 327ms (704 modules)
 GET /contact 200 in 63ms
 GET /contact 200 in 154ms
 ✓ Compiled in 261ms (704 modules)
 GET /contact 200 in 73ms
 GET / 200 in 52ms
 GET /contact 200 in 59ms
 GET /portfolio 200 in 50ms
 ○ Compiling /about ...
 ✓ Compiled /about in 729ms (707 modules)
 GET /about 200 in 916ms
 GET /background 200 in 27ms
 GET /about 200 in 19ms
 GET /contact 200 in 35ms
 GET /portfolio 200 in 62ms
 GET / 200 in 31ms
 ✓ Compiled in 181ms (273 modules)
 ✓ Compiled in 301ms (273 modules)
 GET / 200 in 295ms
 GET / 200 in 25ms
 GET /portfolio 200 in 19ms
 GET /about 200 in 21ms
 GET /background 200 in 26ms
 GET /portfolio 200 in 27ms
 ✓ Compiled in 645ms (710 modules)
 GET /portfolio 200 in 139ms
 ✓ Compiled in 286ms (710 modules)
 ⚠ Fast Refresh had to perform a full reload. Read more: https://nextjs.org/docs/messages/fast-refresh-reload
 GET /portfolio 200 in 79ms
 GET /portfolio 200 in 198ms
 GET /about 200 in 32ms
 GET /background 200 in 31ms
 GET /contact 200 in 28ms
 GET /background 200 in 26ms
 GET /about 200 in 16ms
 ✓ Compiled in 417ms (710 modules)
 GET /about 200 in 59ms
 GET /contact 200 in 32ms
 GET /portfolio 200 in 26ms
 ⨯ ./src/app/contact/page.tsx
Error:   [31mx[0m Unexpected token. Did you mean `{'}'}` or `&rbrace;`?
     ,-[[36;1;4m/Users/wuwenzhan/Desktop/refugee/src/app/contact/page.tsx[0m:229:1]
 [2m226[0m |       </section>
 [2m227[0m |     </div>
 [2m228[0m |   );
 [2m229[0m | }
     : [35;1m^[0m
 [2m230[0m | 
 [2m231[0m | 
     `----
  [31mx[0m Unexpected eof
     ,-[[36;1;4m/Users/wuwenzhan/Desktop/refugee/src/app/contact/page.tsx[0m:231:2]
 [2m229[0m | }
 [2m230[0m | 
 [2m231[0m | 
     `----

Caused by:
    Syntax Error

Import trace for requested module:
./src/app/contact/page.tsx
 ○ Compiling /_error ...
 ⨯ ./src/app/contact/page.tsx
Error:   [31mx[0m Unexpected token. Did you mean `{'}'}` or `&rbrace;`?
     ,-[[36;1;4m/Users/wuwenzhan/Desktop/refugee/src/app/contact/page.tsx[0m:229:1]
 [2m226[0m |       </section>
 [2m227[0m |     </div>
 [2m228[0m |   );
 [2m229[0m | }
     : [35;1m^[0m
 [2m230[0m | 
 [2m231[0m | 
     `----
  [31mx[0m Unexpected eof
     ,-[[36;1;4m/Users/wuwenzhan/Desktop/refugee/src/app/contact/page.tsx[0m:231:2]
 [2m229[0m | }
 [2m230[0m | 
 [2m231[0m | 
     `----

Caused by:
    Syntax Error

Import trace for requested module:
./src/app/contact/page.tsx
 GET /portfolio 500 in 2075ms
 GET /portfolio 500 in 21ms
 GET /portfolio 500 in 21ms
 GET /portfolio 500 in 15ms
 ⚠ Fast Refresh had to perform a full reload. Read more: https://nextjs.org/docs/messages/fast-refresh-reload
 ⚠ Fast Refresh had to perform a full reload. Read more: https://nextjs.org/docs/messages/fast-refresh-reload
 GET /portfolio 500 in 160ms
 ✓ Compiled /_error in 733ms (1044 modules)
 GET /portfolio 200 in 823ms
 GET /about 200 in 54ms
 GET /background 200 in 29ms
 GET /portfolio 200 in 18ms
 GET /portfolio 200 in 71ms
 GET /contact 200 in 42ms
 GET /about 200 in 94ms
 ✓ Compiled in 659ms (1058 modules)
 GET /contact 200 in 62ms
 ✓ Compiled in 387ms (965 modules)
 GET /contact 200 in 170ms
 GET /portfolio 200 in 32ms
 ✓ Compiled in 547ms (965 modules)
 GET /portfolio 200 in 108ms
 ✓ Compiled in 196ms (965 modules)
 GET /portfolio 200 in 86ms
 ✓ Compiled in 276ms (965 modules)
 GET /portfolio 200 in 64ms
 GET /about 200 in 30ms
 GET /background 200 in 36ms
 GET /contact 200 in 32ms
 GET /background 200 in 20ms
 GET /contact 200 in 21ms
 GET /about 200 in 31ms
 GET /background 200 in 23ms
 ✓ Compiled in 500ms (965 modules)
 GET /about 200 in 255ms
 GET /about 200 in 28ms
 GET /background 200 in 29ms
 GET /portfolio 200 in 24ms
 GET /background 200 in 23ms
 GET /contact 200 in 24ms
 ⨯ ./src/app/contact/page.tsx
Error:   [31mx[0m Expression expected
     ,-[[36;1;4m/Users/wuwenzhan/Desktop/refugee/src/app/contact/page.tsx[0m:229:1]
 [2m226[0m |         </div>
 [2m227[0m |       </section>
 [2m228[0m |       </div>
 [2m229[0m |     </>
     : [35;1m      ^[0m
 [2m230[0m |   );
 [2m231[0m | }
     `----
  [31mx[0m Expression expected
     ,-[[36;1;4m/Users/wuwenzhan/Desktop/refugee/src/app/contact/page.tsx[0m:230:1]
 [2m227[0m |       </section>
 [2m228[0m |       </div>
 [2m229[0m |     </>
 [2m230[0m |   );
     : [35;1m  ^[0m
 [2m231[0m | }
 [2m232[0m | 
     `----

Caused by:
    Syntax Error

Import trace for requested module:
./src/app/contact/page.tsx
 ⨯ ./src/app/contact/page.tsx
Error:   [31mx[0m Expression expected
     ,-[[36;1;4m/Users/wuwenzhan/Desktop/refugee/src/app/contact/page.tsx[0m:229:1]
 [2m226[0m |         </div>
 [2m227[0m |       </section>
 [2m228[0m |       </div>
 [2m229[0m |     </>
     : [35;1m      ^[0m
 [2m230[0m |   );
 [2m231[0m | }
     `----
  [31mx[0m Expression expected
     ,-[[36;1;4m/Users/wuwenzhan/Desktop/refugee/src/app/contact/page.tsx[0m:230:1]
 [2m227[0m |       </section>
 [2m228[0m |       </div>
 [2m229[0m |     </>
 [2m230[0m |   );
     : [35;1m  ^[0m
 [2m231[0m | }
 [2m232[0m | 
     `----

Caused by:
    Syntax Error

Import trace for requested module:
./src/app/contact/page.tsx
 GET /contact 500 in 431ms
 GET /contact 500 in 19ms
 ○ Compiling /_error ...
 ⚠ Fast Refresh had to perform a full reload due to a runtime error.
 ⚠ Fast Refresh had to perform a full reload due to a runtime error.
 GET /contact 500 in 79ms
 ✓ Compiled /_error in 650ms (1044 modules)
 GET /contact 200 in 544ms
 GET /contact 200 in 389ms
 GET /about 200 in 27ms
 GET /portfolio 200 in 19ms
 GET /portfolio 200 in 178ms
 ✓ Compiled in 515ms (1058 modules)
 GET /portfolio 200 in 89ms
 ✓ Compiled in 541ms (1058 modules)
 GET /portfolio 200 in 63ms
 ⚠ Fast Refresh had to perform a full reload due to a runtime error.
 ⨯ ReferenceError: goToPrevious is not defined
    at PageHero (src/components/PageHero.tsx:62:18)
  60 |       {/* 导航箭头 */}
  61 |       <button
> 62 |         onClick={goToPrevious}
     |                  ^
  63 |         className="absolute left-4 top-1/2 transform -translate-y-1/2 bg-black/30 hover:bg-black/50 text-white p-2 rounded-full transition-colors"
  64 |         aria-label="Previous image"
  65 |       > {
  digest: '634595855'
}
 GET /portfolio 500 in 151ms
 ✓ Compiled in 330ms (1058 modules)
 ⚠ Fast Refresh had to perform a full reload due to a runtime error.
 GET /portfolio 200 in 132ms
 ✓ Compiled in 200ms (1058 modules)
 GET /portfolio 200 in 49ms
 ✓ Compiled in 273ms (1058 modules)
 GET /portfolio 200 in 65ms
 GET /about 200 in 37ms
 GET /background 200 in 38ms
 ✓ Compiled in 589ms (1058 modules)
 GET /background 200 in 63ms
 GET /contact 200 in 27ms
 ✓ Compiled in 455ms (1058 modules)
 GET /contact 200 in 73ms
 GET /portfolio 200 in 97ms
 ✓ Compiled in 376ms (1058 modules)
 GET /contact 200 in 158ms
 GET /background 200 in 47ms
 GET /about 200 in 56ms
 GET /portfolio 200 in 43ms
 ✓ Compiled in 502ms (1058 modules)
 GET /portfolio 200 in 68ms
 GET /portfolio 200 in 109ms
 GET / 200 in 39ms
 ✓ Compiled in 211ms (1058 modules)
 GET / 200 in 44ms
 ⨯ ./src/app/page.tsx
Error:   [31mx[0m Unexpected token. Did you mean `{'}'}` or `&rbrace;`?
     ,-[[36;1;4m/Users/wuwenzhan/Desktop/refugee/src/app/page.tsx[0m:141:1]
 [2m138[0m |       </section>
 [2m139[0m |     </div>
 [2m140[0m |   );
 [2m141[0m | }
     : [35;1m^[0m
     `----
  [31mx[0m Unexpected eof
     ,-[[36;1;4m/Users/wuwenzhan/Desktop/refugee/src/app/page.tsx[0m:141:3]
 [2m139[0m |     </div>
 [2m140[0m |   );
 [2m141[0m | }
     `----

Caused by:
    Syntax Error

Import trace for requested module:
./src/app/page.tsx
 GET / 500 in 250ms
 GET / 500 in 31ms
 ⚠ Fast Refresh had to perform a full reload due to a runtime error.
 ⚠ Fast Refresh had to perform a full reload due to a runtime error.
 GET / 500 in 81ms
 ✓ Compiled in 695ms (1044 modules)
 GET / 200 in 596ms
 GET / 200 in 152ms
 GET / 200 in 50ms
 GET /portfolio 200 in 28ms
 ✓ Compiled in 299ms (1058 modules)
 GET /portfolio 200 in 54ms
 GET /about 200 in 46ms
 GET /background 200 in 37ms
 GET /contact 200 in 44ms
 ✓ Compiled in 771ms (1058 modules)
 GET /contact 200 in 152ms
 ✓ Compiled in 251ms (1058 modules)
 GET /contact 200 in 73ms
 ✓ Compiled in 254ms (1058 modules)
 GET /contact 200 in 63ms
 ✓ Compiled in 221ms (1058 modules)
 GET /contact 200 in 53ms
 GET / 200 in 26ms
 GET /portfolio 200 in 26ms
 GET /about 200 in 44ms
 GET /background 200 in 21ms
 GET /contact 200 in 27ms
 GET /about 200 in 29ms
 ✓ Compiled in 498ms (1058 modules)
 GET /about 200 in 63ms
 GET / 200 in 26ms
 GET /portfolio 200 in 35ms
 ✓ Compiled in 246ms (1058 modules)
 GET /portfolio 200 in 66ms
 GET /about 200 in 35ms
 GET /background 200 in 23ms
 GET /about 200 in 28ms
 GET /background 200 in 22ms
 GET /contact 200 in 34ms
 GET / 200 in 42ms
 GET /contact 200 in 174ms
 GET /contact 200 in 16ms
 ✓ Compiled in 287ms (1058 modules)
 GET /contact 200 in 43ms
 GET /about 200 in 28ms
 GET /background 200 in 28ms
 GET /about 200 in 30ms
 GET /contact 200 in 27ms
 ✓ Compiled in 592ms (1058 modules)
 GET /contact 200 in 79ms
 ✓ Compiled in 259ms (1058 modules)
 GET /contact 200 in 61ms
 ✓ Compiled in 246ms (1058 modules)
 GET /contact 200 in 50ms
 ✓ Compiled in 228ms (1058 modules)
 GET /contact 200 in 58ms
 ✓ Compiled in 234ms (1058 modules)
 GET /contact 200 in 43ms
 ✓ Compiled in 225ms (1058 modules)
 GET /contact 200 in 47ms
 ✓ Compiled in 244ms (1058 modules)
 GET /contact 200 in 51ms
 ✓ Compiled in 260ms (1058 modules)
 GET /contact 200 in 47ms
 GET /contact 200 in 106ms
 ✓ Compiled in 232ms (1058 modules)
 GET /contact 200 in 64ms
 ✓ Compiled in 327ms (1058 modules)
 GET /contact 200 in 59ms
 GET /contact 200 in 109ms
 ✓ Compiled in 223ms (1058 modules)
 GET /contact 200 in 48ms
 ✓ Compiled in 287ms (1058 modules)
 GET /contact 200 in 81ms
 ✓ Compiled in 228ms (1058 modules)
 GET /contact 200 in 54ms
 ✓ Compiled in 312ms (1058 modules)
 GET /contact 200 in 104ms
 ✓ Compiled in 214ms (1058 modules)
 GET /contact 200 in 52ms
 ✓ Compiled in 234ms (1058 modules)
 GET /contact 200 in 51ms
 ✓ Compiled in 213ms (1058 modules)
 GET /contact 200 in 59ms
 ✓ Compiled in 235ms (1058 modules)
 GET /contact 200 in 58ms
 ✓ Compiled in 215ms (1058 modules)
 GET /contact 200 in 55ms
 GET /contact 200 in 88ms
 ✓ Compiled in 206ms (1058 modules)
 GET /contact 200 in 40ms
 ✓ Compiled in 259ms (1058 modules)
 GET /contact 200 in 52ms
 ✓ Compiled in 220ms (1058 modules)
 GET /contact 200 in 48ms
 ✓ Compiled in 242ms (1058 modules)
 GET /contact 200 in 66ms
 ✓ Compiled in 212ms (1058 modules)
 GET /contact 200 in 56ms
 ✓ Compiled in 255ms (1058 modules)
 GET /contact 200 in 132ms
 ✓ Compiled in 247ms (1058 modules)
 GET /contact 200 in 60ms
 ✓ Compiled in 223ms (1058 modules)
 GET /contact 200 in 46ms
 ✓ Compiled in 217ms (1058 modules)
 GET /contact 200 in 52ms
 ✓ Compiled in 224ms (1058 modules)
 GET /contact 200 in 55ms
 ✓ Compiled in 211ms (1058 modules)
 GET /contact 200 in 44ms
 ✓ Compiled in 329ms (1058 modules)
 GET /contact 200 in 182ms
 ✓ Compiled in 225ms (1058 modules)
 GET /contact 200 in 53ms
 GET /contact 200 in 109ms
 ✓ Compiled in 307ms (1058 modules)
 GET /contact 200 in 68ms
 ✓ Compiled in 334ms (1058 modules)
 GET /contact 200 in 46ms
 ✓ Compiled in 521ms (1058 modules)
 GET /contact 200 in 57ms
 ✓ Compiled in 242ms (1058 modules)
 GET /contact 200 in 63ms
 ✓ Compiled in 375ms (1058 modules)
 GET /contact 200 in 145ms
 ✓ Compiled in 230ms (1058 modules)
 GET /contact 200 in 73ms
 ✓ Compiled in 219ms (1058 modules)
 GET /contact 200 in 54ms
 ✓ Compiled in 231ms (1058 modules)
 GET /contact 200 in 47ms
 GET /contact 200 in 93ms
 ✓ Compiled in 195ms (1058 modules)
 GET /contact 200 in 35ms
 GET /about 200 in 45ms
 ✓ Compiled in 167ms (426 modules)
 GET /about 200 in 39ms
 GET /contact 200 in 199ms
 GET /background 200 in 73ms
 GET /about 200 in 41ms
 GET /portfolio 200 in 40ms
 GET / 200 in 60ms
 GET /portfolio 200 in 47ms
 GET / 200 in 61ms
 GET /portfolio 200 in 28ms
 GET /about 200 in 49ms
 GET /portfolio 200 in 48ms
 GET /about 200 in 44ms
 GET / 200 in 29ms
 GET /about 200 in 74ms
 GET /about 200 in 181ms
 ✓ Compiled in 3.8s (1058 modules)
 GET /about 200 in 194ms
 ○ Compiling /_not-found ...
 ✓ Compiled /_not-found in 1755ms (1049 modules)
 GET /about 200 in 1565ms
 GET /images/handbook/aa72b377160cfe689a3d360e014968fb.jpg 404 in 2705ms
 ✓ Compiled in 646ms (1063 modules)
 GET /about 200 in 208ms
 GET /about 200 in 226ms
 ✓ Compiled in 425ms (1063 modules)
 GET /about 200 in 111ms
 ✓ Compiled in 811ms (1058 modules)
 GET /about 200 in 165ms
 GET /about 200 in 69ms
 GET /background 200 in 28ms
 GET /portfolio 200 in 30ms
 GET /about 200 in 30ms
 ✓ Compiled in 228ms (1058 modules)
 GET /about 200 in 51ms
 GET /background 200 in 44ms
 GET /about 200 in 25ms
 GET /background 200 in 49ms
 GET / 200 in 53ms
 GET /portfolio 200 in 38ms
 ○ Compiling /portfolio/[slug] ...
 ✓ Compiled /portfolio/[slug] in 739ms (638 modules)
 GET /portfolio/rohingya-refugee-case-study 200 in 858ms
 GET /portfolio/rohingya-refugee-case-study 200 in 72ms
 GET /portfolio 200 in 23ms
 GET /portfolio/research-report-employment-challenges 200 in 22ms
 GET /portfolio 200 in 18ms
 GET /portfolio/handbook-visual-guide 200 in 28ms
 GET /portfolio 200 in 25ms
 GET /portfolio/living-between-borders-interview 200 in 15ms
 GET /portfolio 200 in 33ms
 GET /portfolio/mun-proposal 200 in 29ms
 GET /portfolio 200 in 16ms
 GET /portfolio/mun-proposal 200 in 43ms
 GET /portfolio 200 in 36ms
 GET /contact 200 in 26ms
 GET /about 200 in 47ms
 GET /background 200 in 38ms
 ⨯ ./src/app/portfolio/[slug]/page.tsx
Error:   [31mx[0m Unexpected token. Did you mean `{'}'}` or `&rbrace;`?
     ,-[[36;1;4m/Users/wuwenzhan/Desktop/refugee/src/app/portfolio/[slug]/page.tsx[0m:541:1]
 [2m538[0m | 
 [2m539[0m |     </article>
 [2m540[0m |   );
 [2m541[0m | }
     : [35;1m^[0m
 [2m542[0m | 
 [2m543[0m | 
     `----
  [31mx[0m Unexpected eof
     ,-[[36;1;4m/Users/wuwenzhan/Desktop/refugee/src/app/portfolio/[slug]/page.tsx[0m:543:2]
 [2m541[0m | }
 [2m542[0m | 
 [2m543[0m | 
     `----

Caused by:
    Syntax Error

Import trace for requested module:
./src/app/portfolio/[slug]/page.tsx
 GET /background 500 in 47ms
 GET /background 500 in 15ms
 ⚠ Fast Refresh had to perform a full reload due to a runtime error.
 ⚠ Fast Refresh had to perform a full reload due to a runtime error.
 GET /background 200 in 22ms
 ⨯ ./src/app/portfolio/[slug]/page.tsx
Error:   [31mx[0m Unexpected token. Did you mean `{'}'}` or `&rbrace;`?
     ,-[[36;1;4m/Users/wuwenzhan/Desktop/refugee/src/app/portfolio/[slug]/page.tsx[0m:541:1]
 [2m538[0m | 
 [2m539[0m |     </article>
 [2m540[0m |   );
 [2m541[0m | }
     : [35;1m^[0m
 [2m542[0m | 
 [2m543[0m | 
     `----
  [31mx[0m Unexpected eof
     ,-[[36;1;4m/Users/wuwenzhan/Desktop/refugee/src/app/portfolio/[slug]/page.tsx[0m:543:2]
 [2m541[0m | }
 [2m542[0m | 
 [2m543[0m | 
     `----

Caused by:
    Syntax Error

Import trace for requested module:
./src/app/portfolio/[slug]/page.tsx
 ○ Compiling /_not-found ...
 ⨯ ./src/app/portfolio/[slug]/page.tsx
Error:   [31mx[0m Unexpected token. Did you mean `{'}'}` or `&rbrace;`?
     ,-[[36;1;4m/Users/wuwenzhan/Desktop/refugee/src/app/portfolio/[slug]/page.tsx[0m:541:1]
 [2m538[0m | 
 [2m539[0m |     </article>
 [2m540[0m |   );
 [2m541[0m | }
     : [35;1m^[0m
 [2m542[0m | 
 [2m543[0m | 
     `----
  [31mx[0m Unexpected eof
     ,-[[36;1;4m/Users/wuwenzhan/Desktop/refugee/src/app/portfolio/[slug]/page.tsx[0m:543:2]
 [2m541[0m | }
 [2m542[0m | 
 [2m543[0m | 
     `----

Caused by:
    Syntax Error

Import trace for requested module:
./src/app/portfolio/[slug]/page.tsx
 GET /apple-touch-icon-precomposed.png 500 in 570ms
 GET /background 500 in 469ms
 GET /apple-touch-icon.png 500 in 10ms
 ⚠ Fast Refresh had to perform a full reload due to a runtime error.
 ⚠ Fast Refresh had to perform a full reload due to a runtime error.
 ✓ Compiled /_not-found in 385ms (1063 modules)
 GET /background 200 in 93ms
 GET /background 200 in 79ms
 GET /portfolio 200 in 30ms
 GET /portfolio/research-report-employment-challenges 200 in 24ms
 GET /portfolio 200 in 19ms
 ⨯ [TypeError: Cannot convert argument to a ByteString because the character at index 127 has a value of 25130 which is greater than 255.] {
  digest: '676238882'
}
 GET /portfolio/handbook-visual-guide 200 in 376ms
 ○ Compiling / ...
 ✓ Compiled / in 608ms (1069 modules)
 GET / 200 in 760ms
 GET / 200 in 33ms
 GET /portfolio?category=research 200 in 23ms
 GET /portfolio/rohingya-refugee-case-study 200 in 53ms
 GET / 200 in 19ms
 GET /portfolio/handbook-visual-guide 200 in 17ms
 GET / 200 in 29ms
 GET /portfolio 200 in 37ms
 GET /portfolio/living-between-borders-interview 200 in 33ms
 GET /portfolio 200 in 42ms
 GET /about 200 in 51ms
 ✓ Compiled in 1127ms (1060 modules)
 GET /about 200 in 137ms
 GET /about 200 in 118ms
 ✓ Compiled in 239ms (1060 modules)
 GET /about 200 in 52ms
 ✓ Compiled in 211ms (1060 modules)
 GET /about 200 in 60ms
 GET /about 200 in 151ms
 ✓ Compiled in 218ms (1060 modules)
 GET /about 200 in 46ms
 ✓ Compiled in 268ms (1060 modules)
 GET /about 200 in 151ms
 GET /about 200 in 79ms
 ✓ Compiled in 221ms (1060 modules)
 GET /about 200 in 48ms
 GET /portfolio 200 in 39ms
 GET /about 200 in 32ms
 ✓ Compiled in 1090ms (1060 modules)
 GET /about 200 in 152ms
 GET /about 200 in 158ms
 ✓ Compiled in 230ms (1060 modules)
 GET /about 200 in 46ms
 ✓ Compiled in 604ms (1060 modules)
 GET /about 200 in 85ms
 GET /about 200 in 161ms
 ✓ Compiled in 232ms (1060 modules)
 GET /about 200 in 36ms
 ✓ Compiled in 267ms (1060 modules)
 GET /about 200 in 56ms
 ✓ Compiled in 235ms (1060 modules)
 GET /about 200 in 56ms
 GET /about 200 in 199ms
 ✓ Compiled in 204ms (1060 modules)
 GET /about 200 in 46ms
 GET /portfolio 200 in 45ms
 GET /portfolio/research-report-employment-challenges 200 in 38ms
 GET / 200 in 30ms
 GET /portfolio 200 in 21ms
 GET /about 200 in 30ms
 ○ Compiling /background ...
 ✓ Compiled /background in 513ms (638 modules)
 GET /background 200 in 600ms
 GET /contact 200 in 30ms
 GET / 200 in 27ms
 GET /portfolio 200 in 41ms
 GET /about 200 in 27ms
 ✓ Compiled in 360ms (1064 modules)
 GET /about 200 in 135ms
 GET /about 200 in 247ms
 ✓ Compiled in 676ms (1060 modules)
 GET /about 200 in 65ms
 ✓ Compiled in 692ms (1060 modules)
 GET /about 200 in 81ms
 ✓ Compiled in 249ms (1060 modules)
 GET /about 200 in 65ms
 GET /about 200 in 161ms
 ✓ Compiled in 533ms (1060 modules)
 GET /about 200 in 117ms
 ○ Compiling /background ...
 ✓ Compiled /background in 654ms (638 modules)
 GET /background 200 in 750ms
 GET /about 200 in 52ms
 GET /background 200 in 45ms
 ✓ Compiled in 1074ms (1059 modules)
 GET /background 200 in 117ms
 GET /background 200 in 163ms
 ✓ Compiled in 357ms (1059 modules)
 GET /background 200 in 102ms
 ✓ Compiled in 525ms (1045 modules)
 ⚠ Fast Refresh had to perform a full reload. Read more: https://nextjs.org/docs/messages/fast-refresh-reload
 GET /background 200 in 123ms
 GET /background 200 in 105ms
 ✓ Compiled in 340ms (1035 modules)
 GET /background 200 in 141ms
 ✓ Compiled in 482ms (1037 modules)
 ⚠ Fast Refresh had to perform a full reload. Read more: https://nextjs.org/docs/messages/fast-refresh-reload
 GET /background 200 in 142ms
 GET /background 200 in 140ms
 ✓ Compiled in 116ms (428 modules)
 GET /background 200 in 27ms
 ✓ Compiled in 283ms (1037 modules)
 GET /background 200 in 55ms
 ✓ Compiled in 940ms (1051 modules)
 ⚠ Fast Refresh had to perform a full reload. Read more: https://nextjs.org/docs/messages/fast-refresh-reload
 GET /background 200 in 82ms
 GET /background 200 in 193ms
 GET /portfolio 200 in 29ms
 GET / 200 in 39ms
 GET /portfolio 200 in 29ms
 GET / 200 in 24ms
 GET /about 200 in 33ms
 GET /background 200 in 23ms
 ✓ Compiled in 1781ms (1051 modules)
 GET /background 200 in 121ms
 ✓ Compiled in 424ms (1051 modules)
 ✓ Compiled in 478ms (1051 modules)
 GET /background 200 in 710ms
 GET /background 200 in 31ms
 GET /about 200 in 21ms
 GET /background 200 in 22ms
 GET /portfolio 200 in 26ms
 GET / 200 in 25ms
 GET /about 200 in 26ms
 GET /background 200 in 16ms
 ✓ Compiled /contact in 363ms (627 modules)
 GET /contact 200 in 498ms
 GET /contact 200 in 44ms
 GET /about 200 in 23ms
 GET /portfolio 200 in 23ms
 GET /portfolio 200 in 29ms
 GET /portfolio 200 in 21ms
 GET / 200 in 32ms
 GET /about 200 in 28ms
 GET /portfolio 200 in 21ms
 GET / 200 in 21ms
 GET / 200 in 142ms
 ✓ Compiled in 1478ms (1050 modules)
 GET / 200 in 123ms
 ✓ Compiled in 971ms (1050 modules)
 GET / 200 in 92ms
 ○ Compiling /portfolio ...
 ✓ Compiled /portfolio in 791ms (627 modules)
 GET /portfolio 200 in 903ms
 GET /portfolio 200 in 178ms
 GET /portfolio 200 in 26ms
 GET /about 200 in 30ms
 GET /background 200 in 29ms
 GET /contact 200 in 28ms
 ✓ Compiled in 817ms (1050 modules)
 GET /contact 200 in 74ms
 ✓ Compiled in 250ms (1050 modules)
 GET /contact 200 in 54ms
 ✓ Compiled in 226ms (1050 modules)
 GET /contact 200 in 46ms
 GET /background 200 in 27ms
 GET /about 200 in 23ms
 GET /background 200 in 18ms
 ✓ Compiled in 231ms (1050 modules)
 GET /background 200 in 46ms
 ✓ Compiled in 222ms (1050 modules)
 GET /background 200 in 53ms
 ✓ Compiled in 222ms (1050 modules)
 GET /background 200 in 52ms
 ✓ Compiled in 215ms (1050 modules)
 GET /background 200 in 45ms
 ✓ Compiled in 212ms (1050 modules)
 GET /background 200 in 56ms
 ✓ Compiled in 183ms (1050 modules)
 GET /background 200 in 56ms
 ✓ Compiled in 1088ms (1050 modules)
 GET /background 200 in 70ms
 GET / 200 in 26ms
 ○ Compiling /portfolio ...
 ✓ Compiled /portfolio in 508ms (627 modules)
 GET /portfolio 200 in 572ms
 GET /portfolio 200 in 25ms
 GET /about 200 in 28ms
 GET /background 200 in 23ms
 GET /contact 200 in 32ms
 GET /background 200 in 26ms
 GET /contact 200 in 29ms
 GET /background 200 in 22ms
 GET /background 200 in 171ms
 ✓ Compiled in 420ms (1056 modules)
 GET /background 200 in 53ms
 ✓ Compiled in 254ms (1056 modules)
 GET /background 200 in 63ms
 ✓ Compiled in 227ms (1050 modules)
 GET /background 200 in 47ms
 ✓ Compiled in 619ms (1050 modules)
 GET /background 200 in 58ms
 ✓ Compiled in 216ms (1050 modules)
 GET /background 200 in 55ms
 ✓ Compiled in 206ms (1050 modules)
 GET /background 200 in 42ms
 ✓ Compiled in 216ms (1050 modules)
 GET /background 200 in 43ms
 ✓ Compiled in 455ms (1050 modules)
 GET /background 200 in 78ms
 ✓ Compiled in 226ms (1050 modules)
 GET /background 200 in 48ms
 ✓ Compiled in 209ms (1050 modules)
 GET /background 200 in 54ms
 ✓ Compiled in 378ms (1050 modules)
 ⚠ Fast Refresh had to perform a full reload. Read more: https://nextjs.org/docs/messages/fast-refresh-reload
 GET /background 200 in 259ms
 GET /background 200 in 227ms
 ✓ Compiled in 239ms (1050 modules)
 GET /background 200 in 71ms
 ⚠ Fast Refresh had to perform a full reload. Read more: https://nextjs.org/docs/messages/fast-refresh-reload
 GET /background 200 in 109ms
 ✓ Compiled in 210ms (1050 modules)
 ⚠ Fast Refresh had to perform a full reload. Read more: https://nextjs.org/docs/messages/fast-refresh-reload
 GET /background 200 in 59ms
 GET /background 200 in 91ms
 ✓ Compiled in 360ms (1050 modules)
 GET /background 200 in 57ms
 ⚠ Fast Refresh had to perform a full reload. Read more: https://nextjs.org/docs/messages/fast-refresh-reload
 GET /background 200 in 98ms
 ✓ Compiled in 236ms (1050 modules)
 GET /background 200 in 57ms
 ⚠ Fast Refresh had to perform a full reload. Read more: https://nextjs.org/docs/messages/fast-refresh-reload
 GET /background 200 in 87ms
 ✓ Compiled in 977ms (1050 modules)
 GET /background 200 in 104ms
 ✓ Compiled in 224ms (1050 modules)
 GET /background 200 in 41ms
 ✓ Compiled in 214ms (1050 modules)
 GET /background 200 in 49ms
 ✓ Compiled in 232ms (1050 modules)
 GET /background 200 in 45ms
 ✓ Compiled in 335ms (1050 modules)
 GET /background 200 in 63ms
 ✓ Compiled in 208ms (1050 modules)
 GET /background 200 in 42ms
 ✓ Compiled in 221ms (1050 modules)
 GET /background 200 in 54ms
 ✓ Compiled in 210ms (1050 modules)
 GET /background 200 in 41ms
 ✓ Compiled in 212ms (1050 modules)
 GET /background 200 in 43ms
 ✓ Compiled in 214ms (1050 modules)
 GET /background 200 in 37ms
 ✓ Compiled in 209ms (1050 modules)
 GET /background 200 in 41ms
 ✓ Compiled in 216ms (1050 modules)
 GET /background 200 in 45ms
 ✓ Compiled in 226ms (1050 modules)
 GET /background 200 in 47ms
 ✓ Compiled in 213ms (1050 modules)
 GET /background 200 in 56ms
 ✓ Compiled in 278ms (1050 modules)
 ⚠ Fast Refresh had to perform a full reload. Read more: https://nextjs.org/docs/messages/fast-refresh-reload
 GET /background 200 in 76ms
 GET /background 200 in 94ms
 ✓ Compiled in 217ms (1050 modules)
 GET /background 200 in 50ms
 ⚠ Fast Refresh had to perform a full reload. Read more: https://nextjs.org/docs/messages/fast-refresh-reload
 ✓ Compiled in 247ms (1050 modules)
 GET /background 200 in 233ms
 ✓ Compiled in 276ms (1050 modules)
 GET /background 200 in 51ms
 ✓ Compiled in 361ms (1050 modules)
 GET /background 200 in 54ms
 ✓ Compiled in 233ms (1050 modules)
 GET /background 200 in 53ms
 ✓ Compiled in 235ms (1050 modules)
 GET /background 200 in 45ms
 ✓ Compiled in 257ms (1050 modules)
 GET /background 200 in 233ms
 ✓ Compiled in 278ms (1050 modules)
 GET /background 200 in 68ms
 ✓ Compiled in 230ms (1050 modules)
 GET /background 200 in 43ms
 ✓ Compiled in 234ms (1050 modules)
 GET /background 200 in 47ms
 ⚠ Fast Refresh had to perform a full reload. Read more: https://nextjs.org/docs/messages/fast-refresh-reload
 GET /background 200 in 100ms
 ✓ Compiled in 208ms (1050 modules)
 GET /background 200 in 48ms
 ⚠ Fast Refresh had to perform a full reload. Read more: https://nextjs.org/docs/messages/fast-refresh-reload
 GET /background 200 in 88ms
 ✓ Compiled in 578ms (429 modules)
 GET /background 200 in 30ms
 ✓ Compiled in 612ms (1050 modules)
 ⚠ Fast Refresh had to perform a full reload. Read more: https://nextjs.org/docs/messages/fast-refresh-reload
 GET /background 200 in 147ms
 GET /background 200 in 102ms
 ⚠ Fast Refresh had to perform a full reload. Read more: https://nextjs.org/docs/messages/fast-refresh-reload
 ✓ Compiled in 247ms (1050 modules)
 GET /background 200 in 278ms
 ✓ Compiled in 494ms (1050 modules)
 ⚠ Fast Refresh had to perform a full reload. Read more: https://nextjs.org/docs/messages/fast-refresh-reload
 GET /background 200 in 68ms
 GET /background 200 in 101ms
 ⚠ Fast Refresh had to perform a full reload. Read more: https://nextjs.org/docs/messages/fast-refresh-reload
 ✓ Compiled in 305ms (1050 modules)
 GET /background 200 in 288ms
 ✓ Compiled in 302ms (1050 modules)
 ⚠ Fast Refresh had to perform a full reload. Read more: https://nextjs.org/docs/messages/fast-refresh-reload
 GET /background 200 in 74ms
 GET /background 200 in 100ms
 ✓ Compiled in 742ms (1050 modules)
 GET /background 200 in 59ms
 GET /about 200 in 86ms
 ○ Compiling /portfolio ...
 ✓ Compiled /portfolio in 1183ms (627 modules)
 GET /portfolio 200 in 100ms
 GET /portfolio 200 in 1248ms
 GET /portfolio/research-report-employment-challenges 200 in 41ms
 GET /background 200 in 26ms
 GET /contact 200 in 34ms
 GET / 200 in 31ms
 GET /portfolio 200 in 23ms
 ✓ Compiled in 1100ms (1051 modules)
 GET /portfolio 200 in 153ms
 ✓ Compiled in 249ms (1051 modules)
 GET /portfolio 200 in 74ms
 ✓ Compiled in 223ms (1051 modules)
 GET /portfolio 200 in 51ms
 ✓ Compiled in 266ms (1051 modules)
 GET /portfolio 200 in 59ms
 ✓ Compiled in 223ms (1051 modules)
 GET /portfolio 200 in 62ms
 ✓ Compiled in 284ms (1051 modules)
 GET /portfolio 200 in 74ms
 ✓ Compiled in 2.1s (1051 modules)
 GET /portfolio 200 in 116ms
 ⚠ Fast Refresh had to perform a full reload. Read more: https://nextjs.org/docs/messages/fast-refresh-reload
 GET /portfolio 200 in 169ms
 ✓ Compiled in 1246ms (1051 modules)
 GET /portfolio 200 in 87ms
 ✓ Compiled in 242ms (1051 modules)
 GET /portfolio 200 in 49ms
 ✓ Compiled in 223ms (1051 modules)
 GET /portfolio 200 in 44ms
 ✓ Compiled in 214ms (1051 modules)
 GET /portfolio 200 in 45ms
 ✓ Compiled in 330ms (1051 modules)
 GET /portfolio 200 in 54ms
 ✓ Compiled in 233ms (1051 modules)
 GET /portfolio 200 in 52ms
 ✓ Compiled in 221ms (1051 modules)
 GET /portfolio 200 in 40ms
 ✓ Compiled in 234ms (1051 modules)
 GET /portfolio 200 in 47ms
 ✓ Compiled in 324ms (1051 modules)
 GET /portfolio 200 in 55ms
 ✓ Compiled in 227ms (1051 modules)
 GET /portfolio 200 in 57ms
 ✓ Compiled in 231ms (1051 modules)
 GET /portfolio 200 in 47ms
 ✓ Compiled in 318ms (1051 modules)
 GET /portfolio 200 in 436ms
 ✓ Compiled in 394ms (1051 modules)
 GET /portfolio 200 in 67ms
 ✓ Compiled in 1202ms (1051 modules)
 GET /portfolio 200 in 98ms
 ✓ Compiled in 1341ms (1051 modules)
 GET /portfolio 200 in 68ms
 ✓ Compiled in 1244ms (1051 modules)
 GET /portfolio 200 in 43ms
 ✓ Compiled in 764ms (1051 modules)
 GET /portfolio 200 in 74ms
 ✓ Compiled in 233ms (1051 modules)
 GET /portfolio 200 in 70ms
 ✓ Compiled in 212ms (1051 modules)
 GET /portfolio 200 in 48ms
 ✓ Compiled in 236ms (1051 modules)
 GET /portfolio 200 in 56ms
 ✓ Compiled in 1036ms (1051 modules)
 GET /portfolio 200 in 135ms
 ⚠ Fast Refresh had to perform a full reload. Read more: https://nextjs.org/docs/messages/fast-refresh-reload
 GET /portfolio 200 in 129ms
 ✓ Compiled in 278ms (1051 modules)
 GET /portfolio 200 in 58ms
 ⚠ Fast Refresh had to perform a full reload. Read more: https://nextjs.org/docs/messages/fast-refresh-reload
 GET /portfolio 200 in 118ms
 ✓ Compiled in 238ms (1051 modules)
 GET /portfolio 200 in 58ms
 ⚠ Fast Refresh had to perform a full reload. Read more: https://nextjs.org/docs/messages/fast-refresh-reload
 GET /portfolio 200 in 99ms
 ✓ Compiled in 357ms (1051 modules)
 GET /portfolio 200 in 61ms
 ⚠ Fast Refresh had to perform a full reload. Read more: https://nextjs.org/docs/messages/fast-refresh-reload
 GET /portfolio 200 in 83ms
 ✓ Compiled in 264ms (1051 modules)
 GET /portfolio 200 in 75ms
 ⚠ Fast Refresh had to perform a full reload. Read more: https://nextjs.org/docs/messages/fast-refresh-reload
 GET /portfolio 200 in 116ms
 GET / 200 in 179ms
 ✓ Compiled in 1903ms (1051 modules)
 GET /portfolio 200 in 158ms
 GET / 200 in 41ms
 GET /portfolio 200 in 25ms
 GET /portfolio/research-report-employment-challenges 200 in 32ms
 GET / 200 in 24ms
 GET /portfolio 200 in 87ms
 GET /portfolio/rohingya-refugee-case-study 200 in 36ms
 GET /portfolio 200 in 22ms
 GET /portfolio/research-report-employment-challenges 200 in 33ms
 GET / 200 in 157ms
 ○ Compiling /background ...
 ✓ Compiled /background in 1130ms (627 modules)
 GET /background 200 in 98ms
 GET /background 200 in 1225ms
 GET / 200 in 135ms
 GET / 200 in 96ms
 GET /portfolio 200 in 24ms
 ✓ Compiled in 939ms (1051 modules)
 GET /background 200 in 173ms
 ⚠ Fast Refresh had to perform a full reload. Read more: https://nextjs.org/docs/messages/fast-refresh-reload
 GET /background 200 in 244ms
 GET /contact 200 in 31ms
 GET /background 200 in 21ms
 GET /portfolio 200 in 37ms
 GET / 200 in 89ms
 GET /portfolio/research-report-employment-challenges 200 in 35ms
 GET / 200 in 22ms
 ✓ Compiled in 362ms (1051 modules)
 GET / 200 in 50ms
 GET / 200 in 93ms
 GET /portfolio 200 in 34ms
 GET /portfolio 200 in 104ms
 ✓ Compiled in 1973ms (1051 modules)
 GET /portfolio 200 in 1562ms
 GET /portfolio 200 in 31ms
 ○ Compiling /debug ...
 ✓ Compiled /debug in 895ms (1044 modules)
 GET /debug 200 in 1021ms
 ✓ Compiled in 542ms (1037 modules)
 GET /portfolio 200 in 389ms
 GET /portfolio 200 in 27ms
 GET /portfolio 200 in 143ms
 GET / 200 in 30ms
 GET / 200 in 70ms
 ✓ Compiled in 1863ms (1051 modules)
 GET / 200 in 165ms
 ✓ Compiled in 391ms (1051 modules)
 GET / 200 in 73ms
 ✓ Compiled in 274ms (1051 modules)
 GET / 200 in 55ms
 ✓ Compiled in 237ms (1051 modules)
 GET / 200 in 49ms
 ⚠ Fast Refresh had to perform a full reload. Read more: https://nextjs.org/docs/messages/fast-refresh-reload
 ✓ Compiled in 780ms (1051 modules)
 GET / 200 in 258ms
 ⚠ Fast Refresh had to perform a full reload. Read more: https://nextjs.org/docs/messages/fast-refresh-reload
 ✓ Compiled in 248ms (1051 modules)
 GET / 200 in 251ms
 ✓ Compiled in 239ms (1051 modules)
 GET / 200 in 53ms
 ⚠ Fast Refresh had to perform a full reload. Read more: https://nextjs.org/docs/messages/fast-refresh-reload
 GET / 200 in 88ms
 ✓ Compiled in 242ms (1051 modules)
 ⚠ Fast Refresh had to perform a full reload. Read more: https://nextjs.org/docs/messages/fast-refresh-reload
 GET / 200 in 88ms
 GET / 200 in 177ms
 ✓ Compiled in 411ms (1051 modules)
 GET / 200 in 66ms
 ⚠ Fast Refresh had to perform a full reload. Read more: https://nextjs.org/docs/messages/fast-refresh-reload
 GET / 200 in 105ms
 GET / 200 in 103ms
 ✓ Compiled in 262ms (1051 modules)
 GET / 200 in 46ms
 GET /portfolio 200 in 50ms
 GET /portfolio/research-report-employment-challenges 200 in 54ms
 GET /portfolio 200 in 32ms
 GET /portfolio/handbook-visual-guide 200 in 31ms
 ✓ Compiled in 1559ms (1051 modules)
 ⚠ Fast Refresh had to perform a full reload. Read more: https://nextjs.org/docs/messages/fast-refresh-reload
 GET /portfolio/handbook-visual-guide 200 in 165ms
 ⨯ [TypeError: Cannot convert argument to a ByteString because the character at index 127 has a value of 25130 which is greater than 255.] {
  digest: '676238882'
}
 GET /portfolio/handbook-visual-guide 200 in 362ms
 GET /portfolio 200 in 26ms
 GET /portfolio/research-report-employment-challenges 200 in 41ms
 ⚠ Fast Refresh had to perform a full reload. Read more: https://nextjs.org/docs/messages/fast-refresh-reload
 ✓ Compiled in 271ms (1051 modules)
 GET /portfolio/research-report-employment-challenges 200 in 69ms
 GET /portfolio/research-report-employment-challenges 200 in 82ms
 ✓ Compiled in 260ms (1051 modules)
 GET /portfolio/research-report-employment-challenges 200 in 78ms
 ✓ Compiled in 264ms (1051 modules)
 GET /portfolio/research-report-employment-challenges 200 in 66ms
 ✓ Compiled in 272ms (1051 modules)
 GET /portfolio/research-report-employment-challenges 200 in 558ms
 ✓ Compiled in 271ms (1051 modules)
 GET /portfolio/research-report-employment-challenges 200 in 68ms
 ✓ Compiled in 279ms (1051 modules)
 GET /portfolio/research-report-employment-challenges 200 in 74ms
 ✓ Compiled in 238ms (1051 modules)
 GET /portfolio/research-report-employment-challenges 200 in 55ms
 ✓ Compiled in 258ms (1051 modules)
 GET /portfolio/research-report-employment-challenges 200 in 53ms
 GET /portfolio 200 in 31ms
 ✓ Compiled in 249ms (1051 modules)
 GET /portfolio 200 in 46ms
 GET /portfolio/research-report-employment-challenges 200 in 36ms
 ✓ Compiled in 234ms (1051 modules)
 GET /portfolio/research-report-employment-challenges 200 in 55ms
 ✓ Compiled in 245ms (1051 modules)
 GET /portfolio/research-report-employment-challenges 200 in 65ms
 ✓ Compiled in 258ms (1051 modules)
 GET /portfolio/research-report-employment-challenges 200 in 73ms
 ✓ Compiled in 247ms (1051 modules)
 GET /portfolio/research-report-employment-challenges 200 in 47ms
 ✓ Compiled in 250ms (1051 modules)
 GET /portfolio/research-report-employment-challenges 200 in 60ms
 ✓ Compiled in 229ms (1051 modules)
 GET /portfolio/research-report-employment-challenges 200 in 60ms
 ✓ Compiled in 227ms (1051 modules)
 GET /portfolio/research-report-employment-challenges 200 in 51ms
 ✓ Compiled in 1040ms (1051 modules)
 GET /portfolio/research-report-employment-challenges 200 in 64ms
 ✓ Compiled in 385ms (1051 modules)
 GET /portfolio/research-report-employment-challenges 200 in 83ms
 ✓ Compiled in 247ms (1051 modules)
 GET /portfolio/research-report-employment-challenges 200 in 54ms
 ✓ Compiled in 220ms (1051 modules)
 GET /portfolio/research-report-employment-challenges 200 in 55ms
 ✓ Compiled in 373ms (1051 modules)
 GET /portfolio/research-report-employment-challenges 200 in 60ms
 ✓ Compiled in 234ms (1051 modules)
 GET /portfolio/research-report-employment-challenges 200 in 46ms
 ✓ Compiled in 227ms (1051 modules)
 GET /portfolio/research-report-employment-challenges 200 in 51ms
 ✓ Compiled in 215ms (1051 modules)
 GET /portfolio/research-report-employment-challenges 200 in 58ms
 ✓ Compiled in 247ms (1051 modules)
 GET /portfolio/research-report-employment-challenges 200 in 53ms
 ✓ Compiled in 232ms (1051 modules)
 GET /portfolio/research-report-employment-challenges 200 in 48ms
 GET /portfolio 200 in 30ms
 GET /portfolio 200 in 16ms
 GET /portfolio/living-between-borders-interview 200 in 18ms
 ✓ Compiled in 262ms (1051 modules)
 GET /portfolio/living-between-borders-interview 200 in 67ms
 ✓ Compiled in 264ms (1051 modules)
 GET /portfolio/living-between-borders-interview 200 in 148ms
 GET /portfolio 200 in 24ms
 GET /portfolio/mun-proposal 200 in 21ms
 ✓ Compiled in 281ms (1051 modules)
 GET /portfolio/mun-proposal 200 in 81ms
 ✓ Compiled in 245ms (1051 modules)
 GET /portfolio/mun-proposal 200 in 66ms
 ✓ Compiled in 240ms (1051 modules)
 GET /portfolio/mun-proposal 200 in 55ms
 GET /portfolio 200 in 24ms
 ✓ Compiled in 277ms (1051 modules)
 GET /portfolio 200 in 60ms
 GET /portfolio/living-between-borders-interview 200 in 34ms
 GET / 200 in 26ms
 ✓ Compiled in 238ms (1051 modules)
 GET / 200 in 50ms
 GET /portfolio 200 in 17ms
 ✓ Compiled in 235ms (1051 modules)
 GET /portfolio 200 in 50ms
 ✓ Compiled in 374ms (1051 modules)
 GET /portfolio/living-between-borders-interview 200 in 211ms
 GET /portfolio/living-between-borders-interview 200 in 33ms
 GET /portfolio 200 in 28ms
 ✓ Compiled in 250ms (1051 modules)
 GET /portfolio 200 in 45ms
 GET /portfolio/living-between-borders-interview 200 in 32ms
 ✓ Compiled in 276ms (1051 modules)
 GET /portfolio/living-between-borders-interview 200 in 71ms
 GET /portfolio/research-report-employment-challenges 200 in 129ms
 ✓ Compiled in 1604ms (1051 modules)
 GET /portfolio/living-between-borders-interview 200 in 76ms
 GET /portfolio 200 in 45ms
 GET /portfolio/mun-proposal 200 in 29ms
 GET /portfolio 200 in 24ms
 GET /portfolio/handbook-visual-guide 200 in 38ms
 ✓ Compiled in 444ms (1051 modules)
 GET /contact 200 in 358ms
 GET /contact 200 in 29ms
 GET /background 200 in 26ms
 ○ Compiling /about ...
 ✓ Compiled /about in 1685ms (627 modules)
 GET /about 200 in 1826ms
 ✓ Compiled in 374ms (1056 modules)
 GET /about 200 in 76ms
 ⚠ Fast Refresh had to perform a full reload. Read more: https://nextjs.org/docs/messages/fast-refresh-reload
 GET /about 200 in 122ms
 ✓ Compiled in 348ms (1056 modules)
 GET /about 200 in 85ms
 ⚠ Fast Refresh had to perform a full reload. Read more: https://nextjs.org/docs/messages/fast-refresh-reload
 GET /about 200 in 131ms
 ✓ Compiled in 964ms (1051 modules)
 GET /about 200 in 57ms
 GET /portfolio 200 in 28ms
 GET /portfolio/living-between-borders-interview 200 in 32ms
 GET /portfolio/living-between-borders-interview 200 in 318ms
 ✓ Compiled in 948ms (1051 modules)
 GET /portfolio/living-between-borders-interview 200 in 74ms
 GET /portfolio/living-between-borders-interview 200 in 218ms
 GET / 200 in 42ms
 GET /portfolio/living-between-borders-interview 200 in 46ms
 ✓ Compiled in 1652ms (1051 modules)
 ⚠ Fast Refresh had to perform a full reload. Read more: https://nextjs.org/docs/messages/fast-refresh-reload
 GET /portfolio/living-between-borders-interview 200 in 163ms
 GET /portfolio/living-between-borders-interview 200 in 137ms
 ✓ Compiled in 318ms (1051 modules)
 ⚠ Fast Refresh had to perform a full reload. Read more: https://nextjs.org/docs/messages/fast-refresh-reload
 GET /portfolio/living-between-borders-interview 200 in 99ms
 GET /portfolio/living-between-borders-interview 200 in 165ms
 GET /portfolio 200 in 31ms
 GET /about 200 in 31ms
 GET /about 200 in 55ms
 ⚠ Fast Refresh had to perform a full reload. Read more: https://nextjs.org/docs/messages/fast-refresh-reload
 ✓ Compiled in 332ms (1051 modules)
 GET /about 200 in 215ms
 ✓ Compiled in 369ms (1051 modules)
 GET /about 200 in 98ms
 ⚠ Fast Refresh had to perform a full reload. Read more: https://nextjs.org/docs/messages/fast-refresh-reload
 GET /about 200 in 180ms
 ✓ Compiled in 2.3s (1051 modules)
 GET /about 200 in 74ms
 ✓ Compiled in 325ms (1051 modules)
 GET /about 200 in 59ms
 ✓ Compiled in 257ms (1051 modules)
 GET /about 200 in 71ms
 ⚠ Fast Refresh had to perform a full reload. Read more: https://nextjs.org/docs/messages/fast-refresh-reload
 GET /about 200 in 116ms
 ✓ Compiled in 390ms (1051 modules)
 GET /about 200 in 91ms
 ⚠ Fast Refresh had to perform a full reload. Read more: https://nextjs.org/docs/messages/fast-refresh-reload
 GET /about 200 in 109ms
 GET /portfolio 200 in 1715ms
 GET /portfolio 200 in 75ms
 GET /portfolio/living-between-borders-interview 200 in 39ms
 ⚠ Fast Refresh had to perform a full reload. Read more: https://nextjs.org/docs/messages/fast-refresh-reload
 ✓ Compiled in 2.1s (1051 modules)
 GET /portfolio/living-between-borders-interview 200 in 69ms
 ✓ Compiled in 324ms (1051 modules)
 ⚠ Fast Refresh had to perform a full reload. Read more: https://nextjs.org/docs/messages/fast-refresh-reload
 GET /portfolio/living-between-borders-interview 200 in 84ms
 GET /portfolio/living-between-borders-interview 200 in 169ms
 GET /portfolio/living-between-borders-interview 200 in 62ms
 GET /portfolio/living-between-borders-interview?lang=zh 200 in 71ms
 GET /portfolio/living-between-borders-interview 200 in 60ms
 ✓ Compiled in 2.1s (1051 modules)
 GET /portfolio/living-between-borders-interview 200 in 190ms
 GET / 200 in 36ms
 GET /portfolio 200 in 29ms
 GET /portfolio/living-between-borders-interview 200 in 21ms
 ✓ Compiled in 1617ms (1051 modules)
 GET /portfolio/living-between-borders-interview 200 in 80ms
 ⚠ Fast Refresh had to perform a full reload. Read more: https://nextjs.org/docs/messages/fast-refresh-reload
 GET /portfolio/living-between-borders-interview 200 in 137ms
 ✓ Compiled in 294ms (1051 modules)
 ⚠ Fast Refresh had to perform a full reload. Read more: https://nextjs.org/docs/messages/fast-refresh-reload
 GET /portfolio/living-between-borders-interview 200 in 86ms
 GET /portfolio/living-between-borders-interview 200 in 151ms
 GET /about 200 in 35ms
 ✓ Compiled in 270ms (1051 modules)
 GET /about 200 in 55ms
 ⚠ Fast Refresh had to perform a full reload. Read more: https://nextjs.org/docs/messages/fast-refresh-reload
 GET /about 200 in 132ms
 ✓ Compiled in 252ms (1051 modules)
 GET /about 200 in 58ms
 ⚠ Fast Refresh had to perform a full reload. Read more: https://nextjs.org/docs/messages/fast-refresh-reload
 GET /about 200 in 113ms
 GET /portfolio 200 in 26ms
 ✓ Compiled in 585ms (1051 modules)
 GET /portfolio 200 in 106ms
 ⚠ Fast Refresh had to perform a full reload. Read more: https://nextjs.org/docs/messages/fast-refresh-reload
 GET /portfolio 200 in 131ms
 GET /portfolio/living-between-borders-interview 200 in 27ms
 ✓ Compiled in 261ms (1051 modules)
 GET /portfolio/living-between-borders-interview 200 in 71ms
 ⚠ Fast Refresh had to perform a full reload. Read more: https://nextjs.org/docs/messages/fast-refresh-reload
 GET /portfolio/living-between-borders-interview 200 in 503ms
 ⚠ Fast Refresh had to perform a full reload. Read more: https://nextjs.org/docs/messages/fast-refresh-reload
 ✓ Compiled in 308ms (1051 modules)
 GET /portfolio/living-between-borders-interview 200 in 239ms
 ✓ Compiled in 579ms (1051 modules)
 GET /portfolio/living-between-borders-interview 200 in 95ms
 ⚠ Fast Refresh had to perform a full reload. Read more: https://nextjs.org/docs/messages/fast-refresh-reload
 GET /portfolio/living-between-borders-interview 200 in 175ms
 ✓ Compiled in 2.1s (1051 modules)
 GET /portfolio/living-between-borders-interview 200 in 101ms
 ✓ Compiled in 1662ms (1051 modules)
 GET /portfolio/living-between-borders-interview 200 in 82ms
 ⚠ Fast Refresh had to perform a full reload. Read more: https://nextjs.org/docs/messages/fast-refresh-reload
 GET /portfolio/living-between-borders-interview 200 in 136ms
 ⚠ Fast Refresh had to perform a full reload. Read more: https://nextjs.org/docs/messages/fast-refresh-reload
 ✓ Compiled in 1784ms (1051 modules)
 GET /portfolio/living-between-borders-interview 200 in 348ms
 GET /portfolio/living-between-borders-interview 200 in 244ms
 ✓ Compiled in 1441ms (1051 modules)
 GET /portfolio/living-between-borders-interview 200 in 97ms
 GET / 200 in 84ms
 GET /portfolio 200 in 57ms
 GET /portfolio/living-between-borders-interview 200 in 33ms
 ✓ Compiled in 1787ms (1051 modules)
 GET /portfolio/living-between-borders-interview 200 in 90ms
 ⚠ Fast Refresh had to perform a full reload. Read more: https://nextjs.org/docs/messages/fast-refresh-reload
 GET /portfolio/living-between-borders-interview 200 in 129ms
 GET /portfolio/living-between-borders-interview 200 in 149ms
 ✓ Compiled in 306ms (1051 modules)
 GET /portfolio/living-between-borders-interview 200 in 63ms
 GET /portfolio 200 in 96ms
 GET /background 200 in 55ms
 GET /portfolio 200 in 39ms
 GET /portfolio/living-between-borders-interview 200 in 37ms
 GET / 200 in 83ms
 ✓ Compiled in 4.8s (1051 modules)
 GET / 200 in 62ms
 GET /portfolio 200 in 41ms
 GET /portfolio/living-between-borders-interview 200 in 34ms
 GET /portfolio 200 in 19ms
 ✓ Compiled in 2.1s (1051 modules)
 GET /portfolio 200 in 68ms
 ⚠ Fast Refresh had to perform a full reload. Read more: https://nextjs.org/docs/messages/fast-refresh-reload
 GET /portfolio 200 in 158ms
 ✓ Compiled in 777ms (1051 modules)
 GET /portfolio 200 in 135ms
 ⚠ Fast Refresh had to perform a full reload. Read more: https://nextjs.org/docs/messages/fast-refresh-reload
 GET /portfolio 200 in 125ms
 ✓ Compiled in 672ms (1051 modules)
 GET /portfolio 200 in 100ms
 ⚠ Fast Refresh had to perform a full reload. Read more: https://nextjs.org/docs/messages/fast-refresh-reload
 GET /portfolio 200 in 151ms
 ✓ Compiled in 442ms (1051 modules)
 GET /portfolio 200 in 65ms
 GET /portfolio 200 in 270ms
 GET / 200 in 40ms
 GET /portfolio 200 in 81ms
 GET /portfolio/living-between-borders-interview 200 in 45ms
 GET /about 200 in 46ms
 GET /background 200 in 39ms
 GET / 200 in 30ms
 GET /portfolio 200 in 29ms
 GET /portfolio/research-report-employment-challenges 200 in 27ms
 GET / 200 in 21ms
 GET /portfolio 200 in 67ms
 ✓ Compiled in 2.4s (1051 modules)
 GET /portfolio 200 in 100ms
 ⚠ Fast Refresh had to perform a full reload. Read more: https://nextjs.org/docs/messages/fast-refresh-reload
 GET /portfolio 200 in 207ms
 ✓ Compiled in 1650ms (1051 modules)
 GET /portfolio 200 in 104ms
 ⚠ Fast Refresh had to perform a full reload. Read more: https://nextjs.org/docs/messages/fast-refresh-reload
 GET /portfolio 200 in 146ms
 ⚠ Fast Refresh had to perform a full reload. Read more: https://nextjs.org/docs/messages/fast-refresh-reload
 ✓ Compiled in 920ms (1051 modules)
 GET /portfolio 200 in 94ms
 GET / 200 in 129ms
 GET / 200 in 126ms
 GET /portfolio 200 in 130ms
 ✓ Compiled in 2.2s (1051 modules)
 GET /portfolio/research-report-employment-challenges 200 in 94ms
 GET /portfolio/research-report-employment-challenges 200 in 93ms
 GET /portfolio/research-report-employment-challenges 200 in 48ms
 GET /portfolio 200 in 30ms
 GET /portfolio/rohingya-refugee-case-study 200 in 57ms
 GET /portfolio 200 in 20ms
 GET /portfolio/handbook-visual-guide 200 in 17ms
 GET /portfolio 200 in 14ms
 GET /portfolio/mun-proposal 200 in 48ms
 ⚠ Fast Refresh had to perform a full reload. Read more: https://nextjs.org/docs/messages/fast-refresh-reload
 ✓ Compiled in 2.1s (1051 modules)
 GET /portfolio/mun-proposal 200 in 212ms
 ✓ Compiled in 2.2s (1051 modules)
 ⚠ Fast Refresh had to perform a full reload. Read more: https://nextjs.org/docs/messages/fast-refresh-reload
 GET /portfolio/mun-proposal 200 in 89ms
 GET /portfolio/mun-proposal 200 in 93ms
 ⚠ Fast Refresh had to perform a full reload. Read more: https://nextjs.org/docs/messages/fast-refresh-reload
 ✓ Compiled in 661ms (1051 modules)
 GET /portfolio/mun-proposal 200 in 24ms
 GET /portfolio/mun-proposal 200 in 85ms
 GET /portfolio 200 in 132ms
 GET /portfolio/research-report-employment-challenges 200 in 29ms
 GET /background 200 in 38ms
 GET /portfolio/research-report-employment-challenges 200 in 152ms
 ⨯ [TypeError: Cannot convert argument to a ByteString because the character at index 127 has a value of 25130 which is greater than 255.] {
  digest: '676238882'
}
 GET /portfolio/handbook-visual-guide 200 in 356ms
 GET /portfolio/mun-proposal 200 in 99ms
 GET /portfolio 200 in 37ms
 GET /portfolio/rohingya-refugee-case-study 200 in 49ms
 ✓ Compiled in 2.4s (1051 modules)
 GET /portfolio 200 in 78ms
 GET / 200 in 500ms
 GET / 200 in 223ms
 GET /portfolio 200 in 15ms
 GET /about 200 in 31ms
 GET /background 200 in 32ms
 ○ Compiling /contact ...
 ✓ Compiled /contact in 1369ms (627 modules)
 GET /background 200 in 1069ms
 GET /contact 200 in 1639ms
 GET /about 200 in 115ms
 GET /portfolio 200 in 19ms
 GET / 200 in 27ms
 ✓ Compiled in 2.5s (1051 modules)
 ⚠ Fast Refresh had to perform a full reload. Read more: https://nextjs.org/docs/messages/fast-refresh-reload
 GET / 200 in 27ms
 GET / 200 in 124ms
 ⚠ Fast Refresh had to perform a full reload. Read more: https://nextjs.org/docs/messages/fast-refresh-reload
 ✓ Compiled in 587ms (1051 modules)
 GET / 200 in 179ms
 ✓ Compiled in 375ms (1051 modules)
 GET / 200 in 111ms
 ⚠ Fast Refresh had to perform a full reload. Read more: https://nextjs.org/docs/messages/fast-refresh-reload
 GET / 200 in 141ms
 GET /background 200 in 27ms
 ⚠ Fast Refresh had to perform a full reload. Read more: https://nextjs.org/docs/messages/fast-refresh-reload
 ✓ Compiled in 483ms (1051 modules)
 GET /background 200 in 243ms
 ✓ Compiled in 486ms (1051 modules)
 GET /background 200 in 123ms
 ⚠ Fast Refresh had to perform a full reload. Read more: https://nextjs.org/docs/messages/fast-refresh-reload
 GET /background 200 in 123ms
 ✓ Compiled in 1929ms (1051 modules)
 GET /background 200 in 103ms
 GET /background 200 in 276ms
 ✓ Compiled in 1937ms (1051 modules)
 GET /background 200 in 76ms
 GET /about 200 in 164ms
 ✓ Compiled in 2.1s (1051 modules)
 GET /about 200 in 108ms
 ⚠ Fast Refresh had to perform a full reload. Read more: https://nextjs.org/docs/messages/fast-refresh-reload
 GET /about 200 in 149ms
 GET /background 200 in 45ms
 ✓ Compiled in 770ms (1051 modules)
 GET /background 200 in 139ms
 ⚠ Fast Refresh had to perform a full reload. Read more: https://nextjs.org/docs/messages/fast-refresh-reload
 GET /background 200 in 140ms
 ✓ Compiled in 748ms (1051 modules)
 GET /background 200 in 80ms
 ⚠ Fast Refresh had to perform a full reload. Read more: https://nextjs.org/docs/messages/fast-refresh-reload
 GET /background 200 in 163ms
 ⚠ Fast Refresh had to perform a full reload. Read more: https://nextjs.org/docs/messages/fast-refresh-reload
 ✓ Compiled in 982ms (1051 modules)
 GET /background 200 in 165ms
 GET /background 200 in 277ms
 ⚠ Fast Refresh had to perform a full reload. Read more: https://nextjs.org/docs/messages/fast-refresh-reload
 ✓ Compiled in 951ms (1051 modules)
 GET /background 200 in 427ms
 ✓ Compiled in 3s (1051 modules)
 GET /background 200 in 109ms
 GET /background 200 in 276ms
 GET /background 200 in 257ms
 ✓ Compiled in 1593ms (1051 modules)
 GET /background 200 in 73ms
 ⚠ Fast Refresh had to perform a full reload. Read more: https://nextjs.org/docs/messages/fast-refresh-reload
 ✓ Compiled in 728ms (1051 modules)
 GET /background 200 in 240ms
 ✓ Compiled in 573ms (1051 modules)
 GET /background 200 in 86ms
 ⚠ Fast Refresh had to perform a full reload. Read more: https://nextjs.org/docs/messages/fast-refresh-reload
 GET /background 200 in 101ms
 ✓ Compiled in 607ms (1051 modules)
 GET /background 200 in 116ms
 ⚠ Fast Refresh had to perform a full reload. Read more: https://nextjs.org/docs/messages/fast-refresh-reload
 GET /background 200 in 229ms
 ✓ Compiled in 820ms (1051 modules)
 GET /background 200 in 112ms
 ⚠ Fast Refresh had to perform a full reload. Read more: https://nextjs.org/docs/messages/fast-refresh-reload
 GET /background 200 in 108ms
 ✓ Compiled in 518ms (1051 modules)
 GET /background 200 in 96ms
 ⚠ Fast Refresh had to perform a full reload. Read more: https://nextjs.org/docs/messages/fast-refresh-reload
 GET /background 200 in 92ms
 ✓ Compiled in 2s (1051 modules)
 GET /background 200 in 67ms
 GET /background 200 in 208ms
 GET /background 200 in 67ms
 ✓ Compiled in 520ms (1051 modules)
 GET /background 200 in 92ms
 ✓ Compiled in 738ms (1051 modules)
 GET /background 200 in 146ms
 ✓ Compiled in 3.6s (1051 modules)
 GET /background 200 in 69ms
 ✓ Compiled in 1215ms (1051 modules)
 GET /background 200 in 463ms
 ✓ Compiled in 796ms (1051 modules)
 GET /background 200 in 111ms
 ✓ Compiled in 2.5s (1051 modules)
 GET /background 200 in 122ms
 ✓ Compiled in 5.9s (1051 modules)
 GET /background 200 in 326ms
 ✓ Compiled in 386ms (429 modules)
 GET /background 200 in 56ms
 GET / 200 in 84ms
 ✓ Compiled in 1304ms (1051 modules)
 GET /portfolio 200 in 1582ms
 GET /portfolio 200 in 84ms
 GET /about 200 in 64ms
 GET /background 200 in 83ms
 ○ Compiling /contact ...
 ✓ Compiled /contact in 3.8s (627 modules)
 GET /contact 200 in 781ms
 GET /contact 200 in 2839ms
 GET /contact 200 in 4173ms
 GET /contact 200 in 69ms
 GET / 200 in 199ms
 GET /portfolio 200 in 55ms
 ⨯ Error: Cannot find module './586.js'
Require stack:
- /Users/wuwenzhan/Desktop/refugee/.next/server/webpack-runtime.js
- /Users/wuwenzhan/Desktop/refugee/.next/server/app/contact/page.js
- /Users/wuwenzhan/Desktop/refugee/node_modules/next/dist/server/require.js
- /Users/wuwenzhan/Desktop/refugee/node_modules/next/dist/server/load-components.js
- /Users/wuwenzhan/Desktop/refugee/node_modules/next/dist/build/utils.js
- /Users/wuwenzhan/Desktop/refugee/node_modules/next/dist/build/swc/options.js
- /Users/wuwenzhan/Desktop/refugee/node_modules/next/dist/build/swc/index.js
- /Users/wuwenzhan/Desktop/refugee/node_modules/next/dist/build/next-config-ts/transpile-config.js
- /Users/wuwenzhan/Desktop/refugee/node_modules/next/dist/server/config.js
- /Users/wuwenzhan/Desktop/refugee/node_modules/next/dist/server/next.js
- /Users/wuwenzhan/Desktop/refugee/node_modules/next/dist/server/lib/start-server.js
    at <unknown> (.next/server/app/portfolio/[slug]/page.js:2:35746)
    at Object.<anonymous> (.next/server/app/portfolio/[slug]/page.js:2:35803) {
  code: 'MODULE_NOT_FOUND',
  requireStack: [Array],
  page: '/portfolio/research-report-employment-challenges'
}
 ⨯ Error: Cannot find module './611.js'
Require stack:
- /Users/wuwenzhan/Desktop/refugee/.next/server/webpack-runtime.js
- /Users/wuwenzhan/Desktop/refugee/.next/server/app/contact/page.js
- /Users/wuwenzhan/Desktop/refugee/node_modules/next/dist/server/require.js
- /Users/wuwenzhan/Desktop/refugee/node_modules/next/dist/server/load-components.js
- /Users/wuwenzhan/Desktop/refugee/node_modules/next/dist/build/utils.js
- /Users/wuwenzhan/Desktop/refugee/node_modules/next/dist/build/swc/options.js
- /Users/wuwenzhan/Desktop/refugee/node_modules/next/dist/build/swc/index.js
- /Users/wuwenzhan/Desktop/refugee/node_modules/next/dist/build/next-config-ts/transpile-config.js
- /Users/wuwenzhan/Desktop/refugee/node_modules/next/dist/server/config.js
- /Users/wuwenzhan/Desktop/refugee/node_modules/next/dist/server/next.js
- /Users/wuwenzhan/Desktop/refugee/node_modules/next/dist/server/lib/start-server.js
    at <unknown> (.next/server/pages/_document.js:1:321)
    at Object.<anonymous> (.next/server/pages/_document.js:1:366) {
  code: 'MODULE_NOT_FOUND',
  requireStack: [Array]
}
[TypeError: Cannot read properties of undefined (reading '/_app')]
 ⨯ [TypeError: Cannot read properties of undefined (reading '/_app')]
Error: Cannot find module './586.js'
Require stack:
- /Users/wuwenzhan/Desktop/refugee/.next/server/webpack-runtime.js
- /Users/wuwenzhan/Desktop/refugee/.next/server/app/contact/page.js
- /Users/wuwenzhan/Desktop/refugee/node_modules/next/dist/server/require.js
- /Users/wuwenzhan/Desktop/refugee/node_modules/next/dist/server/load-components.js
- /Users/wuwenzhan/Desktop/refugee/node_modules/next/dist/build/utils.js
- /Users/wuwenzhan/Desktop/refugee/node_modules/next/dist/build/swc/options.js
- /Users/wuwenzhan/Desktop/refugee/node_modules/next/dist/build/swc/index.js
- /Users/wuwenzhan/Desktop/refugee/node_modules/next/dist/build/next-config-ts/transpile-config.js
- /Users/wuwenzhan/Desktop/refugee/node_modules/next/dist/server/config.js
- /Users/wuwenzhan/Desktop/refugee/node_modules/next/dist/server/next.js
- /Users/wuwenzhan/Desktop/refugee/node_modules/next/dist/server/lib/start-server.js
    at <unknown> (.next/server/app/portfolio/[slug]/page.js:2:35746)
    at Object.<anonymous> (.next/server/app/portfolio/[slug]/page.js:2:35803) {
  code: 'MODULE_NOT_FOUND',
  requireStack: [Array],
  page: '/portfolio/research-report-employment-challenges'
}
 ⨯ Error: Cannot find module './611.js'
Require stack:
- /Users/wuwenzhan/Desktop/refugee/.next/server/webpack-runtime.js
- /Users/wuwenzhan/Desktop/refugee/.next/server/app/contact/page.js
- /Users/wuwenzhan/Desktop/refugee/node_modules/next/dist/server/require.js
- /Users/wuwenzhan/Desktop/refugee/node_modules/next/dist/server/load-components.js
- /Users/wuwenzhan/Desktop/refugee/node_modules/next/dist/build/utils.js
- /Users/wuwenzhan/Desktop/refugee/node_modules/next/dist/build/swc/options.js
- /Users/wuwenzhan/Desktop/refugee/node_modules/next/dist/build/swc/index.js
- /Users/wuwenzhan/Desktop/refugee/node_modules/next/dist/build/next-config-ts/transpile-config.js
- /Users/wuwenzhan/Desktop/refugee/node_modules/next/dist/server/config.js
- /Users/wuwenzhan/Desktop/refugee/node_modules/next/dist/server/next.js
- /Users/wuwenzhan/Desktop/refugee/node_modules/next/dist/server/lib/start-server.js
    at <unknown> (.next/server/pages/_document.js:1:321)
    at Object.<anonymous> (.next/server/pages/_document.js:1:366) {
  code: 'MODULE_NOT_FOUND',
  requireStack: [Array]
}
[TypeError: Cannot read properties of undefined (reading '/_app')]
 ⨯ [TypeError: Cannot read properties of undefined (reading '/_app')]
[TypeError: Cannot read properties of undefined (reading '/_app')]
 GET /portfolio/research-report-employment-challenges 500 in 172ms
 GET /portfolio/research-report-employment-challenges 500 in 42ms
 ⨯ Error: Cannot find module './586.js'
Require stack:
- /Users/wuwenzhan/Desktop/refugee/.next/server/webpack-runtime.js
- /Users/wuwenzhan/Desktop/refugee/.next/server/app/contact/page.js
- /Users/wuwenzhan/Desktop/refugee/node_modules/next/dist/server/require.js
- /Users/wuwenzhan/Desktop/refugee/node_modules/next/dist/server/load-components.js
- /Users/wuwenzhan/Desktop/refugee/node_modules/next/dist/build/utils.js
- /Users/wuwenzhan/Desktop/refugee/node_modules/next/dist/build/swc/options.js
- /Users/wuwenzhan/Desktop/refugee/node_modules/next/dist/build/swc/index.js
- /Users/wuwenzhan/Desktop/refugee/node_modules/next/dist/build/next-config-ts/transpile-config.js
- /Users/wuwenzhan/Desktop/refugee/node_modules/next/dist/server/config.js
- /Users/wuwenzhan/Desktop/refugee/node_modules/next/dist/server/next.js
- /Users/wuwenzhan/Desktop/refugee/node_modules/next/dist/server/lib/start-server.js
    at <unknown> (.next/server/app/portfolio/[slug]/page.js:2:35746)
    at Object.<anonymous> (.next/server/app/portfolio/[slug]/page.js:2:35803) {
  code: 'MODULE_NOT_FOUND',
  requireStack: [Array],
  page: '/portfolio/research-report-employment-challenges'
}
 ⨯ Error: Cannot find module './611.js'
Require stack:
- /Users/wuwenzhan/Desktop/refugee/.next/server/webpack-runtime.js
- /Users/wuwenzhan/Desktop/refugee/.next/server/app/contact/page.js
- /Users/wuwenzhan/Desktop/refugee/node_modules/next/dist/server/require.js
- /Users/wuwenzhan/Desktop/refugee/node_modules/next/dist/server/load-components.js
- /Users/wuwenzhan/Desktop/refugee/node_modules/next/dist/build/utils.js
- /Users/wuwenzhan/Desktop/refugee/node_modules/next/dist/build/swc/options.js
- /Users/wuwenzhan/Desktop/refugee/node_modules/next/dist/build/swc/index.js
- /Users/wuwenzhan/Desktop/refugee/node_modules/next/dist/build/next-config-ts/transpile-config.js
- /Users/wuwenzhan/Desktop/refugee/node_modules/next/dist/server/config.js
- /Users/wuwenzhan/Desktop/refugee/node_modules/next/dist/server/next.js
- /Users/wuwenzhan/Desktop/refugee/node_modules/next/dist/server/lib/start-server.js
    at <unknown> (.next/server/pages/_document.js:1:321)
    at Object.<anonymous> (.next/server/pages/_document.js:1:366) {
  code: 'MODULE_NOT_FOUND',
  requireStack: [Array]
}
[TypeError: Cannot read properties of undefined (reading '/_app')]
 ⨯ [TypeError: Cannot read properties of undefined (reading '/_app')]
Error: Cannot find module './586.js'
Require stack:
- /Users/wuwenzhan/Desktop/refugee/.next/server/webpack-runtime.js
- /Users/wuwenzhan/Desktop/refugee/.next/server/app/contact/page.js
- /Users/wuwenzhan/Desktop/refugee/node_modules/next/dist/server/require.js
- /Users/wuwenzhan/Desktop/refugee/node_modules/next/dist/server/load-components.js
- /Users/wuwenzhan/Desktop/refugee/node_modules/next/dist/build/utils.js
- /Users/wuwenzhan/Desktop/refugee/node_modules/next/dist/build/swc/options.js
- /Users/wuwenzhan/Desktop/refugee/node_modules/next/dist/build/swc/index.js
- /Users/wuwenzhan/Desktop/refugee/node_modules/next/dist/build/next-config-ts/transpile-config.js
- /Users/wuwenzhan/Desktop/refugee/node_modules/next/dist/server/config.js
- /Users/wuwenzhan/Desktop/refugee/node_modules/next/dist/server/next.js
- /Users/wuwenzhan/Desktop/refugee/node_modules/next/dist/server/lib/start-server.js
    at <unknown> (.next/server/app/portfolio/[slug]/page.js:2:35746)
    at Object.<anonymous> (.next/server/app/portfolio/[slug]/page.js:2:35803) {
  code: 'MODULE_NOT_FOUND',
  requireStack: [Array],
  page: '/portfolio/research-report-employment-challenges'
}
 ⨯ Error: Cannot find module './611.js'
Require stack:
- /Users/wuwenzhan/Desktop/refugee/.next/server/webpack-runtime.js
- /Users/wuwenzhan/Desktop/refugee/.next/server/app/contact/page.js
- /Users/wuwenzhan/Desktop/refugee/node_modules/next/dist/server/require.js
- /Users/wuwenzhan/Desktop/refugee/node_modules/next/dist/server/load-components.js
- /Users/wuwenzhan/Desktop/refugee/node_modules/next/dist/build/utils.js
- /Users/wuwenzhan/Desktop/refugee/node_modules/next/dist/build/swc/options.js
- /Users/wuwenzhan/Desktop/refugee/node_modules/next/dist/build/swc/index.js
- /Users/wuwenzhan/Desktop/refugee/node_modules/next/dist/build/next-config-ts/transpile-config.js
- /Users/wuwenzhan/Desktop/refugee/node_modules/next/dist/server/config.js
- /Users/wuwenzhan/Desktop/refugee/node_modules/next/dist/server/next.js
- /Users/wuwenzhan/Desktop/refugee/node_modules/next/dist/server/lib/start-server.js
    at <unknown> (.next/server/pages/_document.js:1:321)
    at Object.<anonymous> (.next/server/pages/_document.js:1:366) {
  code: 'MODULE_NOT_FOUND',
  requireStack: [Array]
}
[TypeError: Cannot read properties of undefined (reading '/_app')]
 ⨯ [TypeError: Cannot read properties of undefined (reading '/_app')]
[TypeError: Cannot read properties of undefined (reading '/_app')]
 GET /portfolio/research-report-employment-challenges 500 in 118ms
 GET /portfolio/research-report-employment-challenges 500 in 37ms
 ⨯ Error: Cannot find module './586.js'
Require stack:
- /Users/wuwenzhan/Desktop/refugee/.next/server/webpack-runtime.js
- /Users/wuwenzhan/Desktop/refugee/.next/server/app/contact/page.js
- /Users/wuwenzhan/Desktop/refugee/node_modules/next/dist/server/require.js
- /Users/wuwenzhan/Desktop/refugee/node_modules/next/dist/server/load-components.js
- /Users/wuwenzhan/Desktop/refugee/node_modules/next/dist/build/utils.js
- /Users/wuwenzhan/Desktop/refugee/node_modules/next/dist/build/swc/options.js
- /Users/wuwenzhan/Desktop/refugee/node_modules/next/dist/build/swc/index.js
- /Users/wuwenzhan/Desktop/refugee/node_modules/next/dist/build/next-config-ts/transpile-config.js
- /Users/wuwenzhan/Desktop/refugee/node_modules/next/dist/server/config.js
- /Users/wuwenzhan/Desktop/refugee/node_modules/next/dist/server/next.js
- /Users/wuwenzhan/Desktop/refugee/node_modules/next/dist/server/lib/start-server.js
    at <unknown> (.next/server/app/portfolio/[slug]/page.js:2:35746)
    at Object.<anonymous> (.next/server/app/portfolio/[slug]/page.js:2:35803) {
  code: 'MODULE_NOT_FOUND',
  requireStack: [Array],
  page: '/portfolio/research-report-employment-challenges'
}
 ⨯ Error: Cannot find module './611.js'
Require stack:
- /Users/wuwenzhan/Desktop/refugee/.next/server/webpack-runtime.js
- /Users/wuwenzhan/Desktop/refugee/.next/server/app/contact/page.js
- /Users/wuwenzhan/Desktop/refugee/node_modules/next/dist/server/require.js
- /Users/wuwenzhan/Desktop/refugee/node_modules/next/dist/server/load-components.js
- /Users/wuwenzhan/Desktop/refugee/node_modules/next/dist/build/utils.js
- /Users/wuwenzhan/Desktop/refugee/node_modules/next/dist/build/swc/options.js
- /Users/wuwenzhan/Desktop/refugee/node_modules/next/dist/build/swc/index.js
- /Users/wuwenzhan/Desktop/refugee/node_modules/next/dist/build/next-config-ts/transpile-config.js
- /Users/wuwenzhan/Desktop/refugee/node_modules/next/dist/server/config.js
- /Users/wuwenzhan/Desktop/refugee/node_modules/next/dist/server/next.js
- /Users/wuwenzhan/Desktop/refugee/node_modules/next/dist/server/lib/start-server.js
    at <unknown> (.next/server/pages/_document.js:1:321)
    at Object.<anonymous> (.next/server/pages/_document.js:1:366) {
  code: 'MODULE_NOT_FOUND',
  requireStack: [Array]
}
[TypeError: Cannot read properties of undefined (reading '/_app')]
 ⨯ [TypeError: Cannot read properties of undefined (reading '/_app')]
Error: Cannot find module './586.js'
Require stack:
- /Users/wuwenzhan/Desktop/refugee/.next/server/webpack-runtime.js
- /Users/wuwenzhan/Desktop/refugee/.next/server/app/contact/page.js
- /Users/wuwenzhan/Desktop/refugee/node_modules/next/dist/server/require.js
- /Users/wuwenzhan/Desktop/refugee/node_modules/next/dist/server/load-components.js
- /Users/wuwenzhan/Desktop/refugee/node_modules/next/dist/build/utils.js
- /Users/wuwenzhan/Desktop/refugee/node_modules/next/dist/build/swc/options.js
- /Users/wuwenzhan/Desktop/refugee/node_modules/next/dist/build/swc/index.js
- /Users/wuwenzhan/Desktop/refugee/node_modules/next/dist/build/next-config-ts/transpile-config.js
- /Users/wuwenzhan/Desktop/refugee/node_modules/next/dist/server/config.js
- /Users/wuwenzhan/Desktop/refugee/node_modules/next/dist/server/next.js
- /Users/wuwenzhan/Desktop/refugee/node_modules/next/dist/server/lib/start-server.js
    at <unknown> (.next/server/app/portfolio/[slug]/page.js:2:35746)
    at Object.<anonymous> (.next/server/app/portfolio/[slug]/page.js:2:35803) {
  code: 'MODULE_NOT_FOUND',
  requireStack: [Array],
  page: '/portfolio/research-report-employment-challenges'
}
 ⨯ Error: Cannot find module './611.js'
Require stack:
- /Users/wuwenzhan/Desktop/refugee/.next/server/webpack-runtime.js
- /Users/wuwenzhan/Desktop/refugee/.next/server/app/contact/page.js
- /Users/wuwenzhan/Desktop/refugee/node_modules/next/dist/server/require.js
- /Users/wuwenzhan/Desktop/refugee/node_modules/next/dist/server/load-components.js
- /Users/wuwenzhan/Desktop/refugee/node_modules/next/dist/build/utils.js
- /Users/wuwenzhan/Desktop/refugee/node_modules/next/dist/build/swc/options.js
- /Users/wuwenzhan/Desktop/refugee/node_modules/next/dist/build/swc/index.js
- /Users/wuwenzhan/Desktop/refugee/node_modules/next/dist/build/next-config-ts/transpile-config.js
- /Users/wuwenzhan/Desktop/refugee/node_modules/next/dist/server/config.js
- /Users/wuwenzhan/Desktop/refugee/node_modules/next/dist/server/next.js
- /Users/wuwenzhan/Desktop/refugee/node_modules/next/dist/server/lib/start-server.js
    at <unknown> (.next/server/pages/_document.js:1:321)
    at Object.<anonymous> (.next/server/pages/_document.js:1:366) {
  code: 'MODULE_NOT_FOUND',
  requireStack: [Array]
}
[TypeError: Cannot read properties of undefined (reading '/_app')]
 ⨯ [TypeError: Cannot read properties of undefined (reading '/_app')]
[TypeError: Cannot read properties of undefined (reading '/_app')]
 GET /portfolio/research-report-employment-challenges 500 in 177ms
 GET /portfolio/research-report-employment-challenges 500 in 41ms
 ✓ Compiled in 4s (1051 modules)
 GET / 200 in 230ms
 GET /portfolio/research-report-employment-challenges 200 in 98ms
 ⨯ Failed to generate static paths for /portfolio/[slug]:
[Error: Cannot find module './vendor-chunks/next.js'
Require stack:
- /Users/wuwenzhan/Desktop/refugee/.next/server/webpack-runtime.js
- /Users/wuwenzhan/Desktop/refugee/.next/server/app/portfolio/[slug]/page.js
- /Users/wuwenzhan/Desktop/refugee/node_modules/next/dist/server/require.js
- /Users/wuwenzhan/Desktop/refugee/node_modules/next/dist/server/load-components.js
- /Users/wuwenzhan/Desktop/refugee/node_modules/next/dist/build/utils.js
- /Users/wuwenzhan/Desktop/refugee/node_modules/next/dist/server/dev/static-paths-worker.js
- /Users/wuwenzhan/Desktop/refugee/node_modules/next/dist/compiled/jest-worker/processChild.js] {
  type: 'Error',
  code: 'MODULE_NOT_FOUND',
  requireStack: [Array]
}
 ⨯ [Error: Cannot find module './vendor-chunks/next.js'
Require stack:
- /Users/wuwenzhan/Desktop/refugee/.next/server/webpack-runtime.js
- /Users/wuwenzhan/Desktop/refugee/.next/server/app/portfolio/[slug]/page.js
- /Users/wuwenzhan/Desktop/refugee/node_modules/next/dist/server/require.js
- /Users/wuwenzhan/Desktop/refugee/node_modules/next/dist/server/load-components.js
- /Users/wuwenzhan/Desktop/refugee/node_modules/next/dist/build/utils.js
- /Users/wuwenzhan/Desktop/refugee/node_modules/next/dist/server/dev/static-paths-worker.js
- /Users/wuwenzhan/Desktop/refugee/node_modules/next/dist/compiled/jest-worker/processChild.js] {
  type: 'Error',
  code: 'MODULE_NOT_FOUND',
  requireStack: [Array],
  page: '/portfolio/research-report-employment-challenges'
}
 ⨯ Error: Cannot find module './611.js'
Require stack:
- /Users/wuwenzhan/Desktop/refugee/.next/server/webpack-runtime.js
- /Users/wuwenzhan/Desktop/refugee/.next/server/app/page.js
- /Users/wuwenzhan/Desktop/refugee/node_modules/next/dist/server/require.js
- /Users/wuwenzhan/Desktop/refugee/node_modules/next/dist/server/load-components.js
- /Users/wuwenzhan/Desktop/refugee/node_modules/next/dist/build/utils.js
- /Users/wuwenzhan/Desktop/refugee/node_modules/next/dist/build/swc/options.js
- /Users/wuwenzhan/Desktop/refugee/node_modules/next/dist/build/swc/index.js
- /Users/wuwenzhan/Desktop/refugee/node_modules/next/dist/build/next-config-ts/transpile-config.js
- /Users/wuwenzhan/Desktop/refugee/node_modules/next/dist/server/config.js
- /Users/wuwenzhan/Desktop/refugee/node_modules/next/dist/server/next.js
- /Users/wuwenzhan/Desktop/refugee/node_modules/next/dist/server/lib/start-server.js
    at <unknown> (.next/server/pages/_document.js:1:321)
    at Object.<anonymous> (.next/server/pages/_document.js:1:366) {
  code: 'MODULE_NOT_FOUND',
  requireStack: [Array]
}
[TypeError: Cannot read properties of undefined (reading '/_app')]
 ⨯ [TypeError: Cannot read properties of undefined (reading '/_app')]
[Error: Cannot find module './vendor-chunks/next.js'
Require stack:
- /Users/wuwenzhan/Desktop/refugee/.next/server/webpack-runtime.js
- /Users/wuwenzhan/Desktop/refugee/.next/server/app/portfolio/[slug]/page.js
- /Users/wuwenzhan/Desktop/refugee/node_modules/next/dist/server/require.js
- /Users/wuwenzhan/Desktop/refugee/node_modules/next/dist/server/load-components.js
- /Users/wuwenzhan/Desktop/refugee/node_modules/next/dist/build/utils.js
- /Users/wuwenzhan/Desktop/refugee/node_modules/next/dist/server/dev/static-paths-worker.js
- /Users/wuwenzhan/Desktop/refugee/node_modules/next/dist/compiled/jest-worker/processChild.js] {
  type: 'Error',
  code: 'MODULE_NOT_FOUND',
  requireStack: [Array],
  page: '/portfolio/research-report-employment-challenges'
}
 ⨯ Error: Cannot find module './611.js'
Require stack:
- /Users/wuwenzhan/Desktop/refugee/.next/server/webpack-runtime.js
- /Users/wuwenzhan/Desktop/refugee/.next/server/app/page.js
- /Users/wuwenzhan/Desktop/refugee/node_modules/next/dist/server/require.js
- /Users/wuwenzhan/Desktop/refugee/node_modules/next/dist/server/load-components.js
- /Users/wuwenzhan/Desktop/refugee/node_modules/next/dist/build/utils.js
- /Users/wuwenzhan/Desktop/refugee/node_modules/next/dist/build/swc/options.js
- /Users/wuwenzhan/Desktop/refugee/node_modules/next/dist/build/swc/index.js
- /Users/wuwenzhan/Desktop/refugee/node_modules/next/dist/build/next-config-ts/transpile-config.js
- /Users/wuwenzhan/Desktop/refugee/node_modules/next/dist/server/config.js
- /Users/wuwenzhan/Desktop/refugee/node_modules/next/dist/server/next.js
- /Users/wuwenzhan/Desktop/refugee/node_modules/next/dist/server/lib/start-server.js
    at <unknown> (.next/server/pages/_document.js:1:321)
    at Object.<anonymous> (.next/server/pages/_document.js:1:366) {
  code: 'MODULE_NOT_FOUND',
  requireStack: [Array]
}
[TypeError: Cannot read properties of undefined (reading '/_app')]
 ⨯ [TypeError: Cannot read properties of undefined (reading '/_app')]
[TypeError: Cannot read properties of undefined (reading '/_app')]
 GET /portfolio/research-report-employment-challenges 500 in 291ms
 GET /portfolio/research-report-employment-challenges 500 in 43ms
 ⨯ [Error: Cannot find module './vendor-chunks/next.js'
Require stack:
- /Users/wuwenzhan/Desktop/refugee/.next/server/webpack-runtime.js
- /Users/wuwenzhan/Desktop/refugee/.next/server/app/portfolio/[slug]/page.js
- /Users/wuwenzhan/Desktop/refugee/node_modules/next/dist/server/require.js
- /Users/wuwenzhan/Desktop/refugee/node_modules/next/dist/server/load-components.js
- /Users/wuwenzhan/Desktop/refugee/node_modules/next/dist/build/utils.js
- /Users/wuwenzhan/Desktop/refugee/node_modules/next/dist/server/dev/static-paths-worker.js
- /Users/wuwenzhan/Desktop/refugee/node_modules/next/dist/compiled/jest-worker/processChild.js] {
  type: 'Error',
  code: 'MODULE_NOT_FOUND',
  requireStack: [Array],
  page: '/portfolio/research-report-employment-challenges'
}
 ⨯ Error: Cannot find module './611.js'
Require stack:
- /Users/wuwenzhan/Desktop/refugee/.next/server/webpack-runtime.js
- /Users/wuwenzhan/Desktop/refugee/.next/server/app/page.js
- /Users/wuwenzhan/Desktop/refugee/node_modules/next/dist/server/require.js
- /Users/wuwenzhan/Desktop/refugee/node_modules/next/dist/server/load-components.js
- /Users/wuwenzhan/Desktop/refugee/node_modules/next/dist/build/utils.js
- /Users/wuwenzhan/Desktop/refugee/node_modules/next/dist/build/swc/options.js
- /Users/wuwenzhan/Desktop/refugee/node_modules/next/dist/build/swc/index.js
- /Users/wuwenzhan/Desktop/refugee/node_modules/next/dist/build/next-config-ts/transpile-config.js
- /Users/wuwenzhan/Desktop/refugee/node_modules/next/dist/server/config.js
- /Users/wuwenzhan/Desktop/refugee/node_modules/next/dist/server/next.js
- /Users/wuwenzhan/Desktop/refugee/node_modules/next/dist/server/lib/start-server.js
    at <unknown> (.next/server/pages/_document.js:1:321)
    at Object.<anonymous> (.next/server/pages/_document.js:1:366) {
  code: 'MODULE_NOT_FOUND',
  requireStack: [Array]
}
[TypeError: Cannot read properties of undefined (reading '/_app')]
 ⨯ [TypeError: Cannot read properties of undefined (reading '/_app')]
[Error: Cannot find module './vendor-chunks/next.js'
Require stack:
- /Users/wuwenzhan/Desktop/refugee/.next/server/webpack-runtime.js
- /Users/wuwenzhan/Desktop/refugee/.next/server/app/portfolio/[slug]/page.js
- /Users/wuwenzhan/Desktop/refugee/node_modules/next/dist/server/require.js
- /Users/wuwenzhan/Desktop/refugee/node_modules/next/dist/server/load-components.js
- /Users/wuwenzhan/Desktop/refugee/node_modules/next/dist/build/utils.js
- /Users/wuwenzhan/Desktop/refugee/node_modules/next/dist/server/dev/static-paths-worker.js
- /Users/wuwenzhan/Desktop/refugee/node_modules/next/dist/compiled/jest-worker/processChild.js] {
  type: 'Error',
  code: 'MODULE_NOT_FOUND',
  requireStack: [Array],
  page: '/portfolio/research-report-employment-challenges'
}
 ⨯ Error: Cannot find module './611.js'
Require stack:
- /Users/wuwenzhan/Desktop/refugee/.next/server/webpack-runtime.js
- /Users/wuwenzhan/Desktop/refugee/.next/server/app/page.js
- /Users/wuwenzhan/Desktop/refugee/node_modules/next/dist/server/require.js
- /Users/wuwenzhan/Desktop/refugee/node_modules/next/dist/server/load-components.js
- /Users/wuwenzhan/Desktop/refugee/node_modules/next/dist/build/utils.js
- /Users/wuwenzhan/Desktop/refugee/node_modules/next/dist/build/swc/options.js
- /Users/wuwenzhan/Desktop/refugee/node_modules/next/dist/build/swc/index.js
- /Users/wuwenzhan/Desktop/refugee/node_modules/next/dist/build/next-config-ts/transpile-config.js
- /Users/wuwenzhan/Desktop/refugee/node_modules/next/dist/server/config.js
- /Users/wuwenzhan/Desktop/refugee/node_modules/next/dist/server/next.js
- /Users/wuwenzhan/Desktop/refugee/node_modules/next/dist/server/lib/start-server.js
    at <unknown> (.next/server/pages/_document.js:1:321)
    at Object.<anonymous> (.next/server/pages/_document.js:1:366) {
  code: 'MODULE_NOT_FOUND',
  requireStack: [Array]
}
[TypeError: Cannot read properties of undefined (reading '/_app')]
 ⨯ [TypeError: Cannot read properties of undefined (reading '/_app')]
[TypeError: Cannot read properties of undefined (reading '/_app')]
 GET /portfolio/research-report-employment-challenges 500 in 262ms
 GET /portfolio/research-report-employment-challenges 500 in 43ms
 GET / 200 in 189ms
 ⨯ [Error: Cannot find module './vendor-chunks/next.js'
Require stack:
- /Users/wuwenzhan/Desktop/refugee/.next/server/webpack-runtime.js
- /Users/wuwenzhan/Desktop/refugee/.next/server/app/portfolio/[slug]/page.js
- /Users/wuwenzhan/Desktop/refugee/node_modules/next/dist/server/require.js
- /Users/wuwenzhan/Desktop/refugee/node_modules/next/dist/server/load-components.js
- /Users/wuwenzhan/Desktop/refugee/node_modules/next/dist/build/utils.js
- /Users/wuwenzhan/Desktop/refugee/node_modules/next/dist/server/dev/static-paths-worker.js
- /Users/wuwenzhan/Desktop/refugee/node_modules/next/dist/compiled/jest-worker/processChild.js] {
  type: 'Error',
  code: 'MODULE_NOT_FOUND',
  requireStack: [Array],
  page: '/portfolio/research-report-employment-challenges'
}
 ⨯ Error: Cannot find module './611.js'
Require stack:
- /Users/wuwenzhan/Desktop/refugee/.next/server/webpack-runtime.js
- /Users/wuwenzhan/Desktop/refugee/.next/server/app/page.js
- /Users/wuwenzhan/Desktop/refugee/node_modules/next/dist/server/require.js
- /Users/wuwenzhan/Desktop/refugee/node_modules/next/dist/server/load-components.js
- /Users/wuwenzhan/Desktop/refugee/node_modules/next/dist/build/utils.js
- /Users/wuwenzhan/Desktop/refugee/node_modules/next/dist/build/swc/options.js
- /Users/wuwenzhan/Desktop/refugee/node_modules/next/dist/build/swc/index.js
- /Users/wuwenzhan/Desktop/refugee/node_modules/next/dist/build/next-config-ts/transpile-config.js
- /Users/wuwenzhan/Desktop/refugee/node_modules/next/dist/server/config.js
- /Users/wuwenzhan/Desktop/refugee/node_modules/next/dist/server/next.js
- /Users/wuwenzhan/Desktop/refugee/node_modules/next/dist/server/lib/start-server.js
    at <unknown> (.next/server/pages/_document.js:1:321)
    at Object.<anonymous> (.next/server/pages/_document.js:1:366) {
  code: 'MODULE_NOT_FOUND',
  requireStack: [Array]
}
[TypeError: Cannot read properties of undefined (reading '/_app')]
 ⨯ [TypeError: Cannot read properties of undefined (reading '/_app')]
[Error: Cannot find module './vendor-chunks/next.js'
Require stack:
- /Users/wuwenzhan/Desktop/refugee/.next/server/webpack-runtime.js
- /Users/wuwenzhan/Desktop/refugee/.next/server/app/portfolio/[slug]/page.js
- /Users/wuwenzhan/Desktop/refugee/node_modules/next/dist/server/require.js
- /Users/wuwenzhan/Desktop/refugee/node_modules/next/dist/server/load-components.js
- /Users/wuwenzhan/Desktop/refugee/node_modules/next/dist/build/utils.js
- /Users/wuwenzhan/Desktop/refugee/node_modules/next/dist/server/dev/static-paths-worker.js
- /Users/wuwenzhan/Desktop/refugee/node_modules/next/dist/compiled/jest-worker/processChild.js] {
  type: 'Error',
  code: 'MODULE_NOT_FOUND',
  requireStack: [Array],
  page: '/portfolio/research-report-employment-challenges'
}
 ⨯ Error: Cannot find module './611.js'
Require stack:
- /Users/wuwenzhan/Desktop/refugee/.next/server/webpack-runtime.js
- /Users/wuwenzhan/Desktop/refugee/.next/server/app/page.js
- /Users/wuwenzhan/Desktop/refugee/node_modules/next/dist/server/require.js
- /Users/wuwenzhan/Desktop/refugee/node_modules/next/dist/server/load-components.js
- /Users/wuwenzhan/Desktop/refugee/node_modules/next/dist/build/utils.js
- /Users/wuwenzhan/Desktop/refugee/node_modules/next/dist/build/swc/options.js
- /Users/wuwenzhan/Desktop/refugee/node_modules/next/dist/build/swc/index.js
- /Users/wuwenzhan/Desktop/refugee/node_modules/next/dist/build/next-config-ts/transpile-config.js
- /Users/wuwenzhan/Desktop/refugee/node_modules/next/dist/server/config.js
- /Users/wuwenzhan/Desktop/refugee/node_modules/next/dist/server/next.js
- /Users/wuwenzhan/Desktop/refugee/node_modules/next/dist/server/lib/start-server.js
    at <unknown> (.next/server/pages/_document.js:1:321)
    at Object.<anonymous> (.next/server/pages/_document.js:1:366) {
  code: 'MODULE_NOT_FOUND',
  requireStack: [Array]
}
[TypeError: Cannot read properties of undefined (reading '/_app')]
 ⨯ [TypeError: Cannot read properties of undefined (reading '/_app')]
[TypeError: Cannot read properties of undefined (reading '/_app')]
 GET /portfolio/research-report-employment-challenges 500 in 353ms
 GET /portfolio/research-report-employment-challenges 500 in 34ms
[?25h
